Component: ARM Compiler 5.06 update 7 (build 960) Tool: armlink [4d3601]

==============================================================================

Section Cross References

    startup_stm32f407xx.o(STACK) refers (Special) to heapauxi.o(.text) for __use_two_region_memory
    startup_stm32f407xx.o(HEAP) refers (Special) to heapauxi.o(.text) for __use_two_region_memory
    startup_stm32f407xx.o(RESET) refers (Special) to heapauxi.o(.text) for __use_two_region_memory
    startup_stm32f407xx.o(RESET) refers to startup_stm32f407xx.o(STACK) for __initial_sp
    startup_stm32f407xx.o(RESET) refers to startup_stm32f407xx.o(.text) for Reset_Handler
    startup_stm32f407xx.o(RESET) refers to stm32f4xx_it.o(i.NMI_Handler) for NMI_Handler
    startup_stm32f407xx.o(RESET) refers to stm32f4xx_it.o(i.HardFault_Handler) for HardFault_Handler
    startup_stm32f407xx.o(RESET) refers to stm32f4xx_it.o(i.MemManage_Handler) for MemManage_Handler
    startup_stm32f407xx.o(RESET) refers to stm32f4xx_it.o(i.BusFault_Handler) for BusFault_Handler
    startup_stm32f407xx.o(RESET) refers to stm32f4xx_it.o(i.UsageFault_Handler) for UsageFault_Handler
    startup_stm32f407xx.o(RESET) refers to stm32f4xx_it.o(i.SVC_Handler) for SVC_Handler
    startup_stm32f407xx.o(RESET) refers to stm32f4xx_it.o(i.DebugMon_Handler) for DebugMon_Handler
    startup_stm32f407xx.o(RESET) refers to stm32f4xx_it.o(i.PendSV_Handler) for PendSV_Handler
    startup_stm32f407xx.o(RESET) refers to stm32f4xx_it.o(i.SysTick_Handler) for SysTick_Handler
    startup_stm32f407xx.o(RESET) refers to usmart_port.o(i.TIM4_IRQHandler) for TIM4_IRQHandler
    startup_stm32f407xx.o(RESET) refers to usart.o(i.USART1_IRQHandler) for USART1_IRQHandler
    startup_stm32f407xx.o(RESET) refers to ethernet.o(i.ETH_IRQHandler) for ETH_IRQHandler
    startup_stm32f407xx.o(.text) refers (Special) to heapauxi.o(.text) for __use_two_region_memory
    startup_stm32f407xx.o(.text) refers to system_stm32f4xx.o(i.SystemInit) for SystemInit
    startup_stm32f407xx.o(.text) refers to __main.o(!!!main) for __main
    startup_stm32f407xx.o(.text) refers to startup_stm32f407xx.o(HEAP) for Heap_Mem
    startup_stm32f407xx.o(.text) refers to startup_stm32f407xx.o(STACK) for Stack_Mem
    main.o(i.main) refers to stm32f4xx_hal.o(i.HAL_Init) for HAL_Init
    main.o(i.main) refers to sys.o(i.sys_stm32_clock_init) for sys_stm32_clock_init
    main.o(i.main) refers to delay.o(i.delay_init) for delay_init
    main.o(i.main) refers to usart.o(i.usart_init) for usart_init
    main.o(i.main) refers to led.o(i.led_init) for led_init
    main.o(i.main) refers to lcd.o(i.lcd_init) for lcd_init
    main.o(i.main) refers to key.o(i.key_init) for key_init
    main.o(i.main) refers to malloc.o(i.my_mem_init) for my_mem_init
    main.o(i.main) refers to lwip_comm.o(i.lwip_comm_init) for lwip_comm_init
    main.o(i.main) refers to lwip_comm.o(i.lwip_periodic_handle) for lwip_periodic_handle
    main.o(i.main) refers to delay.o(i.delay_ms) for delay_ms
    main.o(i.main) refers to usmart_config.o(.data) for usmart_dev
    main.o(i.main) refers to lwip_comm.o(.bss) for lwipdev
    stm32f4xx_it.o(i.SysTick_Handler) refers to stm32f4xx_hal.o(i.HAL_IncTick) for HAL_IncTick
    system_stm32f4xx.o(i.SystemCoreClockUpdate) refers to system_stm32f4xx.o(.data) for SystemCoreClock
    system_stm32f4xx.o(i.SystemCoreClockUpdate) refers to system_stm32f4xx.o(.constdata) for AHBPrescTable
    delay.o(i.HAL_Delay) refers to delay.o(i.delay_ms) for delay_ms
    delay.o(i.delay_init) refers to stm32f4xx_hal_cortex.o(i.HAL_SYSTICK_CLKSourceConfig) for HAL_SYSTICK_CLKSourceConfig
    delay.o(i.delay_init) refers to delay.o(.data) for g_fac_us
    delay.o(i.delay_ms) refers to delay.o(i.delay_us) for delay_us
    delay.o(i.delay_us) refers to delay.o(.data) for g_fac_us
    sys.o(i.sys_stm32_clock_init) refers to stm32f4xx_hal_rcc.o(i.HAL_RCC_OscConfig) for HAL_RCC_OscConfig
    sys.o(i.sys_stm32_clock_init) refers to stm32f4xx_hal_rcc.o(i.HAL_RCC_ClockConfig) for HAL_RCC_ClockConfig
    sys.o(i.sys_stm32_clock_init) refers to stm32f4xx_hal.o(i.HAL_GetREVID) for HAL_GetREVID
    usart.o(.rev16_text) refers (Special) to use_no_semi_2.o(.text) for __use_no_semihosting
    usart.o(.revsh_text) refers (Special) to use_no_semi_2.o(.text) for __use_no_semihosting
    usart.o(.rrx_text) refers (Special) to use_no_semi_2.o(.text) for __use_no_semihosting
    usart.o(i.HAL_UART_MspInit) refers (Special) to use_no_semi_2.o(.text) for __use_no_semihosting
    usart.o(i.HAL_UART_MspInit) refers to stm32f4xx_hal_gpio.o(i.HAL_GPIO_Init) for HAL_GPIO_Init
    usart.o(i.HAL_UART_MspInit) refers to stm32f4xx_hal_cortex.o(i.HAL_NVIC_EnableIRQ) for HAL_NVIC_EnableIRQ
    usart.o(i.HAL_UART_MspInit) refers to stm32f4xx_hal_cortex.o(i.HAL_NVIC_SetPriority) for HAL_NVIC_SetPriority
    usart.o(i.HAL_UART_RxCpltCallback) refers (Special) to use_no_semi_2.o(.text) for __use_no_semihosting
[...]
    HAL_SRAM_Init                            0x08002475   Thumb Code    88  stm32f4xx_hal_sram.o(i.HAL_SRAM_Init)
    HAL_SRAM_MspInit                         0x080024cd   Thumb Code   152  lcd.o(i.HAL_SRAM_MspInit)
    HAL_SYSTICK_CLKSourceConfig              0x08002571   Thumb Code    40  stm32f4xx_hal_cortex.o(i.HAL_SYSTICK_CLKSourceConfig)
    HAL_SYSTICK_Config                       0x08002599   Thumb Code    52  stm32f4xx_hal_cortex.o(i.HAL_SYSTICK_Config)
    HAL_TIM_Base_Init                        0x080025cd   Thumb Code   102  stm32f4xx_hal_tim.o(i.HAL_TIM_Base_Init)
    HAL_TIM_Base_MspInit                     0x08002633   Thumb Code     2  stm32f4xx_hal_tim.o(i.HAL_TIM_Base_MspInit)
    HAL_TIM_Base_Start_IT                    0x08002635   Thumb Code   138  stm32f4xx_hal_tim.o(i.HAL_TIM_Base_Start_IT)
    HAL_UARTEx_RxEventCallback               0x080026dd   Thumb Code     2  stm32f4xx_hal_uart.o(i.HAL_UARTEx_RxEventCallback)
    HAL_UART_ErrorCallback                   0x080026df   Thumb Code     2  stm32f4xx_hal_uart.o(i.HAL_UART_ErrorCallback)
    HAL_UART_GetState                        0x080026e1   Thumb Code    20  stm32f4xx_hal_uart.o(i.HAL_UART_GetState)
    HAL_UART_IRQHandler                      0x080026f5   Thumb Code   586  stm32f4xx_hal_uart.o(i.HAL_UART_IRQHandler)
    HAL_UART_Init                            0x08002945   Thumb Code   114  stm32f4xx_hal_uart.o(i.HAL_UART_Init)
    HAL_UART_MspInit                         0x080029b9   Thumb Code   188  usart.o(i.HAL_UART_MspInit)
    HAL_UART_Receive_IT                      0x08002a81   Thumb Code    66  stm32f4xx_hal_uart.o(i.HAL_UART_Receive_IT)
    HAL_UART_RxCpltCallback                  0x08002ac5   Thumb Code   120  usart.o(i.HAL_UART_RxCpltCallback)
    HAL_UART_TxCpltCallback                  0x08002b4d   Thumb Code     2  stm32f4xx_hal_uart.o(i.HAL_UART_TxCpltCallback)
    HardFault_Handler                        0x08002b4f   Thumb Code     4  stm32f4xx_it.o(i.HardFault_Handler)
    MemManage_Handler                        0x08002b53   Thumb Code     4  stm32f4xx_it.o(i.MemManage_Handler)
    NMI_Handler                              0x08002b57   Thumb Code     2  stm32f4xx_it.o(i.NMI_Handler)
    PendSV_Handler                           0x08002b59   Thumb Code     2  stm32f4xx_it.o(i.PendSV_Handler)
    SVC_Handler                              0x08002b5b   Thumb Code     2  stm32f4xx_it.o(i.SVC_Handler)
    SysTick_Handler                          0x08002b5d   Thumb Code     8  stm32f4xx_it.o(i.SysTick_Handler)
    SystemInit                               0x08002b65   Thumb Code    14  system_stm32f4xx.o(i.SystemInit)
    TIM4_IRQHandler                          0x08002b79   Thumb Code    58  usmart_port.o(i.TIM4_IRQHandler)
    TIM_Base_SetConfig                       0x08002bbd   Thumb Code   170  stm32f4xx_hal_tim.o(i.TIM_Base_SetConfig)
    UART_Start_Receive_IT                    0x08002fe9   Thumb Code    70  stm32f4xx_hal_uart.o(i.UART_Start_Receive_IT)
    USART1_IRQHandler                        0x08003091   Thumb Code    66  usart.o(i.USART1_IRQHandler)
    UsageFault_Handler                       0x080030e1   Thumb Code     4  stm32f4xx_it.o(i.UsageFault_Handler)
    _is_digit                                0x0800311d   Thumb Code    14  __printf_wp.o(i._is_digit)
    _sys_exit                                0x0800312b   Thumb Code     4  usart.o(i._sys_exit)
    delay_init                               0x08003131   Thumb Code    16  delay.o(i.delay_init)
    delay_ms                                 0x08003145   Thumb Code    50  delay.o(i.delay_ms)
    delay_us                                 0x08003179   Thumb Code    68  delay.o(i.delay_us)
    dhcp_arp_reply                           0x080031c1   Thumb Code    42  dhcp.o(i.dhcp_arp_reply)
    dhcp_coarse_tmr                          0x08003311   Thumb Code    98  dhcp.o(i.dhcp_coarse_tmr)
    dhcp_fine_tmr                            0x08003795   Thumb Code    52  dhcp.o(i.dhcp_fine_tmr)
    dhcp_release_and_stop                    0x080043d1   Thumb Code   202  dhcp.o(i.dhcp_release_and_stop)
    dhcp_renew                               0x080044a5   Thumb Code   232  dhcp.o(i.dhcp_renew)
    dhcp_start                               0x08004715   Thumb Code   154  dhcp.o(i.dhcp_start)
    dhcp_supplied_address                    0x080047af   Thumb Code    40  dhcp.o(i.dhcp_supplied_address)
    etharp_cleanup_netif                     0x08004a25   Thumb Code    50  etharp.o(i.etharp_cleanup_netif)
    etharp_input                             0x08004d95   Thumb Code   190  etharp.o(i.etharp_input)
    etharp_output                            0x08004e55   Thumb Code   392  etharp.o(i.etharp_output)
    etharp_query                             0x080051cd   Thumb Code   516  etharp.o(i.etharp_query)
    etharp_request                           0x08005611   Thumb Code    18  etharp.o(i.etharp_request)
    etharp_tmr                               0x08005655   Thumb Code   214  etharp.o(i.etharp_tmr)
    ethernet_get_eth_rx_size                 0x08005885   Thumb Code    36  ethernet.o(i.ethernet_get_eth_rx_size)
    ethernet_init                            0x080058a9   Thumb Code   106  ethernet.o(i.ethernet_init)
    ethernet_input                           0x08005921   Thumb Code   190  ethernet_1.o(i.ethernet_input)
    ethernet_mem_malloc                      0x080059e5   Thumb Code    66  ethernet.o(i.ethernet_mem_malloc)
    ethernet_output                          0x08005a39   Thumb Code   112  ethernet_1.o(i.ethernet_output)
    ethernetif_init                          0x08005b31   Thumb Code    82  ethernetif.o(i.ethernetif_init)
    ethernetif_input                         0x08005bf1   Thumb Code    34  ethernetif.o(i.ethernetif_input)
    fputc                                    0x08005c15   Thumb Code    22  usart.o(i.fputc)
    icmp_dest_unreach                        0x08005c31   Thumb Code    18  icmp.o(i.icmp_dest_unreach)
    icmp_input                               0x08005c45   Thumb Code   432  icmp.o(i.icmp_input)
    icmp_time_exceeded                       0x08005fdd   Thumb Code    18  icmp.o(i.icmp_time_exceeded)
    inet_chksum_pbuf                         0x08005fef   Thumb Code    86  inet_chksum.o(i.inet_chksum_pbuf)
    ip4_addr_isbroadcast_u32                 0x08006045   Thumb Code    78  ip4_addr.o(i.ip4_addr_isbroadcast_u32)
    ip4_frag                                 0x08006095   Thumb Code   518  ip4_frag.o(i.ip4_frag)
    ip4_input                                0x08006329   Thumb Code   446  ip4.o(i.ip4_input)
    ip4_output_if                            0x08006525   Thumb Code    54  ip4.o(i.ip4_output_if)
    ip4_output_if_src                        0x0800655d   Thumb Code   250  ip4.o(i.ip4_output_if_src)
    ip4_reass                                0x080066f1   Thumb Code   584  ip4_frag.o(i.ip4_reass)
    ip4_route                                0x080069e1   Thumb Code   140  ip4.o(i.ip4_route)
    ip_reass_tmr                             0x08007169   Thumb Code    48  ip4_frag.o(i.ip_reass_tmr)
    key_init                                 0x08007259   Thumb Code   184  key.o(i.key_init)
    lcd_clear                                0x08007319   Thumb Code    42  lcd.o(i.lcd_clear)
    lcd_display_dir                          0x0800734d   Thumb Code   298  lcd.o(i.lcd_display_dir)
    lcd_ex_ili9341_reginit                   0x0800747d   Thumb Code   556  lcd.o(i.lcd_ex_ili9341_reginit)
    lcd_ex_nt35310_reginit                   0x080076a9   Thumb Code  3826  lcd.o(i.lcd_ex_nt35310_reginit)
    lcd_ex_nt35510_reginit                   0x0800859b   Thumb Code  3836  lcd.o(i.lcd_ex_nt35510_reginit)
    lcd_ex_ssd1963_reginit                   0x08009497   Thumb Code   366  lcd.o(i.lcd_ex_ssd1963_reginit)
    lcd_ex_st7789_reginit                    0x08009605   Thumb Code   424  lcd.o(i.lcd_ex_st7789_reginit)
    lcd_init                                 0x080097ad   Thumb Code  1052  lcd.o(i.lcd_init)
    lcd_scan_dir                             0x08009bdd   Thumb Code   556  lcd.o(i.lcd_scan_dir)
    lcd_set_cursor                           0x08009e0d   Thumb Code   282  lcd.o(i.lcd_set_cursor)
    lcd_ssd_backlight_set                    0x08009f2d   Thumb Code    88  lcd.o(i.lcd_ssd_backlight_set)
    lcd_wr_data                              0x08009f8d   Thumb Code    18  lcd.o(i.lcd_wr_data)
    lcd_wr_regno                             0x08009fa5   Thumb Code    18  lcd.o(i.lcd_wr_regno)
    lcd_write_ram_prepare                    0x08009fbd   Thumb Code    10  lcd.o(i.lcd_write_ram_prepare)
    lcd_write_reg                            0x08009fd1   Thumb Code    10  lcd.o(i.lcd_write_reg)
    led_init                                 0x08009fe1   Thumb Code   138  led.o(i.led_init)
    lwip_comm_default_ip_set                 0x0800a2e1   Thumb Code    90  lwip_comm.o(i.lwip_comm_default_ip_set)
    lwip_comm_init                           0x0800a33d   Thumb Code   140  lwip_comm.o(i.lwip_comm_init)
    lwip_dhcp_process_handle                 0x0800a429   Thumb Code   734  lwip_comm.o(i.lwip_dhcp_process_handle)
    lwip_htonl                               0x0800a8b5   Thumb Code    26  def.o(i.lwip_htonl)
    lwip_htons                               0x0800a8cf   Thumb Code    12  def.o(i.lwip_htons)
    lwip_init                                0x0800a8dd   Thumb Code    64  init.o(i.lwip_init)
    lwip_periodic_handle                     0x0800a971   Thumb Code    86  lwip_comm.o(i.lwip_periodic_handle)
    lwip_pkt_handle                          0x0800a9d5   Thumb Code    10  lwip_comm.o(i.lwip_pkt_handle)
    lwip_standard_chksum                     0x0800a9e5   Thumb Code    94  inet_chksum.o(i.lwip_standard_chksum)
    main                                     0x0800aa45   Thumb Code   104  main.o(i.main)
    mem_free                                 0x0800aab5   Thumb Code   194  mem.o(i.mem_free)
    mem_init                                 0x0800ac71   Thumb Code    76  mem.o(i.mem_init)
    mem_malloc                               0x0800ad25   Thumb Code   402  mem.o(i.mem_malloc)
    mem_trim                                 0x0800afd5   Thumb Code   388  mem.o(i.mem_trim)
    memp_free                                0x0800b201   Thumb Code    36  memp.o(i.memp_free)
    memp_init                                0x0800b229   Thumb Code    26  memp.o(i.memp_init)
    memp_init_pool                           0x0800b249   Thumb Code    44  memp.o(i.memp_init_pool)
    memp_malloc                              0x0800b275   Thumb Code    32  memp.o(i.memp_malloc)
    my_mem_free                              0x0800b299   Thumb Code    96  malloc.o(i.my_mem_free)
    my_mem_init                              0x0800b305   Thumb Code    38  malloc.o(i.my_mem_init)
    my_mem_malloc                            0x0800b335   Thumb Code   156  malloc.o(i.my_mem_malloc)
    my_mem_perused                           0x0800b3dd   Thumb Code    56  malloc.o(i.my_mem_perused)
    my_mem_set                               0x0800b41d   Thumb Code    20  malloc.o(i.my_mem_set)
    myfree                                   0x0800b431   Thumb Code    30  malloc.o(i.myfree)
    mymalloc                                 0x0800b455   Thumb Code    34  malloc.o(i.mymalloc)
    netif_add                                0x0800b47d   Thumb Code   282  netif.o(i.netif_add)
    netif_get_by_index                       0x0800b779   Thumb Code    36  netif.o(i.netif_get_by_index)
    netif_init                               0x0800b7a1   Thumb Code     2  netif.o(i.netif_init)
    netif_set_addr                           0x0800b879   Thumb Code    92  netif.o(i.netif_set_addr)
    netif_set_default                        0x0800b8d9   Thumb Code     6  netif.o(i.netif_set_default)
    netif_set_down                           0x0800b8e5   Thumb Code    58  netif.o(i.netif_set_down)
    netif_set_up                             0x0800b91f   Thumb Code    50  netif.o(i.netif_set_up)
    pbuf_add_header                          0x0800b951   Thumb Code    18  pbuf.o(i.pbuf_add_header)
    pbuf_alloc                               0x0800ba45   Thumb Code   404  pbuf.o(i.pbuf_alloc)
    pbuf_alloc_reference                     0x0800bcd5   Thumb Code    78  pbuf.o(i.pbuf_alloc_reference)
    pbuf_alloced_custom                      0x0800bd89   Thumb Code    82  pbuf.o(i.pbuf_alloced_custom)
    pbuf_cat                                 0x0800bddd   Thumb Code   106  pbuf.o(i.pbuf_cat)
    pbuf_chain                               0x0800bed9   Thumb Code    22  pbuf.o(i.pbuf_chain)
    pbuf_clen                                0x0800beef   Thumb Code    18  pbuf.o(i.pbuf_clen)
    pbuf_clone                               0x0800bf01   Thumb Code    68  pbuf.o(i.pbuf_clone)
    pbuf_copy                                0x0800bfa9   Thumb Code    32  pbuf.o(i.pbuf_copy)
    pbuf_copy_partial                        0x0800bfc9   Thumb Code   128  pbuf.o(i.pbuf_copy_partial)
    pbuf_copy_partial_pbuf                   0x0800c049   Thumb Code   292  pbuf.o(i.pbuf_copy_partial_pbuf)
    pbuf_free                                0x0800c1f1   Thumb Code   226  pbuf.o(i.pbuf_free)
    pbuf_header_force                        0x0800c381   Thumb Code    18  pbuf.o(i.pbuf_header_force)
    pbuf_realloc                             0x0800c3d5   Thumb Code   192  pbuf.o(i.pbuf_realloc)
    pbuf_ref                                 0x0800c531   Thumb Code    48  pbuf.o(i.pbuf_ref)
    pbuf_remove_header                       0x0800c5c5   Thumb Code    92  pbuf.o(i.pbuf_remove_header)
    read_addr                                0x0800c85d   Thumb Code     6  usmart.o(i.read_addr)
    sys_check_timeouts                       0x0800c865   Thumb Code    74  timeouts.o(i.sys_check_timeouts)
    sys_now                                  0x0800c8b9   Thumb Code     8  ethernetif.o(i.sys_now)
    sys_stm32_clock_init                     0x0800c8c1   Thumb Code   192  sys.o(i.sys_stm32_clock_init)
    sys_timeout                              0x0800c98d   Thumb Code    58  timeouts.o(i.sys_timeout)
    sys_timeouts_init                        0x0800cb8d   Thumb Code    30  timeouts.o(i.sys_timeouts_init)
    tcp_abandon                              0x0800cbb5   Thumb Code   254  tcp.o(i.tcp_abandon)
    tcp_abort                                0x0800cd49   Thumb Code    14  tcp.o(i.tcp_abort)
    tcp_alloc                                0x0800cd59   Thumb Code   172  tcp.o(i.tcp_alloc)
    tcp_close                                0x0800ce15   Thumb Code    44  tcp.o(i.tcp_close)
    tcp_eff_send_mss_netif                   0x0800d2f1   Thumb Code    82  tcp.o(i.tcp_eff_send_mss_netif)
    tcp_enqueue_flags                        0x0800d3bd   Thumb Code   408  tcp_out.o(i.tcp_enqueue_flags)
    tcp_fasttmr                              0x0800d675   Thumb Code   142  tcp.o(i.tcp_fasttmr)
    tcp_free                                 0x0800d711   Thumb Code    40  tcp.o(i.tcp_free)
    tcp_init                                 0x0800da01   Thumb Code    20  tcp.o(i.tcp_init)
    tcp_input                                0x0800da19   Thumb Code  1984  tcp_in.o(i.tcp_input)
    tcp_keepalive                            0x0800e305   Thumb Code    98  tcp_out.o(i.tcp_keepalive)
    tcp_netif_ip_addr_changed                0x0800e7fd   Thumb Code    64  tcp.o(i.tcp_netif_ip_addr_changed)
    tcp_next_iss                             0x0800e911   Thumb Code    48  tcp.o(i.tcp_next_iss)
    tcp_output                               0x0800e9b5   Thumb Code   684  tcp_out.o(i.tcp_output)
    tcp_pcb_purge                            0x0800f529   Thumb Code    74  tcp.o(i.tcp_pcb_purge)
    tcp_pcb_remove                           0x0800f575   Thumb Code   220  tcp.o(i.tcp_pcb_remove)
    tcp_process_refused_data                 0x0800fe49   Thumb Code   162  tcp.o(i.tcp_process_refused_data)
    tcp_recv_null                            0x080106b5   Thumb Code    58  tcp.o(i.tcp_recv_null)
    tcp_recved                               0x080106f1   Thumb Code   114  tcp.o(i.tcp_recved)
    tcp_rexmit                               0x08010889   Thumb Code   142  tcp_out.o(i.tcp_rexmit)
    tcp_rexmit_fast                          0x08010985   Thumb Code   142  tcp_out.o(i.tcp_rexmit_fast)
    tcp_rexmit_rto                           0x08010a89   Thumb Code    46  tcp_out.o(i.tcp_rexmit_rto)
    tcp_rexmit_rto_commit                    0x08010b29   Thumb Code    56  tcp_out.o(i.tcp_rexmit_rto_commit)
    tcp_rexmit_rto_prepare                   0x08010bd9   Thumb Code   150  tcp_out.o(i.tcp_rexmit_rto_prepare)
    tcp_rst                                  0x08010d09   Thumb Code   148  tcp_out.o(i.tcp_rst)
    tcp_seg_free                             0x08010e29   Thumb Code    26  tcp.o(i.tcp_seg_free)
    tcp_segs_free                            0x08010e43   Thumb Code    24  tcp.o(i.tcp_segs_free)
    tcp_send_empty_ack                       0x08010e5d   Thumb Code   194  tcp_out.o(i.tcp_send_empty_ack)
    tcp_send_fin                             0x08010f95   Thumb Code   104  tcp_out.o(i.tcp_send_fin)
    tcp_slowtmr                              0x0801106d   Thumb Code  1666  tcp.o(i.tcp_slowtmr)
    tcp_split_unsent_seg                     0x0801177d   Thumb Code   514  tcp_out.o(i.tcp_split_unsent_seg)
    tcp_timer_needed                         0x08011a49   Thumb Code    38  timeouts.o(i.tcp_timer_needed)
    tcp_tmr                                  0x08011bbd   Thumb Code    30  tcp.o(i.tcp_tmr)
    tcp_trigger_input_pcb_close              0x08011be1   Thumb Code    14  tcp_in.o(i.tcp_trigger_input_pcb_close)
    tcp_update_rcv_ann_wnd                   0x08011bf5   Thumb Code   128  tcp.o(i.tcp_update_rcv_ann_wnd)
    tcp_zero_window_probe                    0x08011d05   Thumb Code   238  tcp_out.o(i.tcp_zero_window_probe)
    udp_bind                                 0x08011ea5   Thumb Code   156  udp.o(i.udp_bind)
    udp_connect                              0x08011f49   Thumb Code   118  udp.o(i.udp_connect)
    udp_init                                 0x08011fc5   Thumb Code    20  udp.o(i.udp_init)
    udp_input                                0x08011fdd   Thumb Code   408  udp.o(i.udp_input)
    udp_netif_ip_addr_changed                0x0801234d   Thumb Code    42  udp.o(i.udp_netif_ip_addr_changed)
    udp_new                                  0x0801237d   Thumb Code    28  udp.o(i.udp_new)
    udp_recv                                 0x080123f1   Thumb Code    16  udp.o(i.udp_recv)
    udp_remove                               0x08012401   Thumb Code    74  udp.o(i.udp_remove)
    udp_sendto_if                            0x08012451   Thumb Code   122  udp.o(i.udp_sendto_if)
    udp_sendto_if_src                        0x080124cd   Thumb Code   290  udp.o(i.udp_sendto_if_src)
    usart_init                               0x08012671   Thumb Code    44  usart.o(i.usart_init)
    usmart_cmd_rec                           0x080126a9   Thumb Code   170  usmart.o(i.usmart_cmd_rec)
    usmart_exe                               0x08012759   Thumb Code   632  usmart.o(i.usmart_exe)
    usmart_get_aparm                         0x08012a2d   Thumb Code   212  usmart_str.o(i.usmart_get_aparm)
    usmart_get_cmdname                       0x08012b01   Thumb Code    54  usmart_str.o(i.usmart_get_cmdname)
    usmart_get_fname                         0x08012b39   Thumb Code   440  usmart_str.o(i.usmart_get_fname)
    usmart_get_fparam                        0x08012cf9   Thumb Code   262  usmart_str.o(i.usmart_get_fparam)
    usmart_get_input_string                  0x08012e05   Thumb Code    30  usmart_port.o(i.usmart_get_input_string)
    usmart_get_parmpos                       0x08012e2d   Thumb Code    26  usmart_str.o(i.usmart_get_parmpos)
    usmart_init                              0x08012e4d   Thumb Code    36  usmart.o(i.usmart_init)
    usmart_pow                               0x08012e75   Thumb Code    22  usmart_str.o(i.usmart_pow)
    usmart_scan                              0x08012e8d   Thumb Code   106  usmart.o(i.usmart_scan)
    usmart_search_nextc                      0x08012f35   Thumb Code    22  usmart_str.o(i.usmart_search_nextc)
    usmart_str2num                           0x08012f4b   Thumb Code   262  usmart_str.o(i.usmart_str2num)
    usmart_strcmp                            0x08013051   Thumb Code    34  usmart_str.o(i.usmart_strcmp)
    usmart_strcopy                           0x08013073   Thumb Code    22  usmart_str.o(i.usmart_strcopy)
    usmart_strlen                            0x08013089   Thumb Code    24  usmart_str.o(i.usmart_strlen)
    usmart_sys_cmd_exe                       0x080130a1   Thumb Code  1570  usmart.o(i.usmart_sys_cmd_exe)
    usmart_timx_get_time                     0x08013795   Thumb Code    58  usmart_port.o(i.usmart_timx_get_time)
    usmart_timx_init                         0x080137d9   Thumb Code    88  usmart_port.o(i.usmart_timx_init)
    usmart_timx_reset_time                   0x0801383d   Thumb Code    44  usmart_port.o(i.usmart_timx_reset_time)
    write_addr                               0x08013871   Thumb Code     4  usmart.o(i.write_addr)
    __aeabi_d2uiz                            0x08013875   Thumb Code     0  dfixu.o(x$fpl$dfixu)
    _dfixu                                   0x08013875   Thumb Code    90  dfixu.o(x$fpl$dfixu)
    __aeabi_ui2d                             0x080138cf   Thumb Code     0  dflt_clz.o(x$fpl$dfltu)
    _dfltu                                   0x080138cf   Thumb Code    38  dflt_clz.o(x$fpl$dfltu)
    __aeabi_dmul                             0x080138f5   Thumb Code     0  dmul.o(x$fpl$dmul)
    _dmul                                    0x080138f5   Thumb Code   332  dmul.o(x$fpl$dmul)
    __fpl_dnaninf                            0x08013a49   Thumb Code   156  dnaninf.o(x$fpl$dnaninf)
    __fpl_dretinf                            0x08013ae5   Thumb Code    12  dretinf.o(x$fpl$dretinf)
    _fp_init                                 0x08013af1   Thumb Code    10  fpinit.o(x$fpl$fpinit)
    __fplib_config_fpu_vfp                   0x08013af9   Thumb Code     0  fpinit.o(x$fpl$fpinit)
    __fplib_config_pureend_doubles           0x08013af9   Thumb Code     0  fpinit.o(x$fpl$fpinit)
    AHBPrescTable                            0x08013afa   Data          16  system_stm32f4xx.o(.constdata)
    __I$use$fp                               0x08013afa   Number         0  usenofp.o(x$fpl$usenofp)
    APBPrescTable                            0x08013b0a   Data           8  system_stm32f4xx.o(.constdata)
    memtblsize                               0x08013b14   Data           8  malloc.o(.constdata)
    memblksize                               0x08013b1c   Data           8  malloc.o(.constdata)
    memsize                                  0x08013b24   Data           8  malloc.o(.constdata)
    memp_UDP_PCB                             0x08013b2c   Data          12  memp.o(.constdata)
    memp_TCP_PCB                             0x08013b38   Data          12  memp.o(.constdata)
    memp_TCP_PCB_LISTEN                      0x08013b44   Data          12  memp.o(.constdata)
    memp_TCP_SEG                             0x08013b50   Data          12  memp.o(.constdata)
    memp_REASSDATA                           0x08013b5c   Data          12  memp.o(.constdata)
    memp_FRAG_PBUF                           0x08013b68   Data          12  memp.o(.constdata)
    memp_SYS_TIMEOUT                         0x08013b74   Data          12  memp.o(.constdata)
    memp_PBUF                                0x08013b80   Data          12  memp.o(.constdata)
    memp_PBUF_POOL                           0x08013b8c   Data          12  memp.o(.constdata)
    memp_pools                               0x08013b98   Data          36  memp.o(.constdata)
    tcp_pcb_lists                            0x08013bfc   Data          16  tcp.o(.constdata)
    lwip_cyclic_timers                       0x08013c0c   Data          40  timeouts.o(.constdata)
    lwip_num_cyclic_timers                   0x08013c34   Data           4  timeouts.o(.constdata)
    ip_addr_any                              0x08013c38   Data           4  ip4_addr.o(.constdata)
    ip_addr_broadcast                        0x08013c3c   Data           4  ip4_addr.o(.constdata)
    ethbroadcast                             0x08013c40   Data           6  ethernet_1.o(.constdata)
    ethzero                                  0x08013c46   Data           6  ethernet_1.o(.constdata)
    Region$$Table$$Base                      0x08013f2c   Number         0  anon$$obj.o(Region$$Table)
    Region$$Table$$Limit                     0x08013f4c   Number         0  anon$$obj.o(Region$$Table)
    SystemCoreClock                          0x20000000   Data           4  system_stm32f4xx.o(.data)
    __stdout                                 0x20000008   Data           4  usart.o(.data)
    g_usart_rx_sta                           0x2000000c   Data           2  usart.o(.data)
    g_rx_buffer                              0x2000000e   Data           1  usart.o(.data)
    uwTick                                   0x20000010   Data           4  stm32f4xx_hal.o(.data)
    uwTickPrio                               0x20000014   Data           4  stm32f4xx_hal.o(.data)
    uwTickFreq                               0x20000018   Data           1  stm32f4xx_hal.o(.data)
    g_eth_dma_rx_dscr_tab                    0x2000001c   Data           4  ethernet.o(.data)
    g_eth_dma_tx_dscr_tab                    0x20000020   Data           4  ethernet.o(.data)
    g_eth_rx_buf                             0x20000024   Data           4  ethernet.o(.data)
    g_eth_tx_buf                             0x20000028   Data           4  ethernet.o(.data)
    sys_cmd_tab                              0x2000002c   Data          28  usmart.o(.data)
    usmart_nametab                           0x20000048   Data          48  usmart_config.o(.data)
    usmart_dev                               0x20000078   Data         244  usmart_config.o(.data)
    mallco_dev                               0x2000016c   Data          28  malloc.o(.data)
    netif_list                               0x200001b8   Data           4  netif.o(.data)
    netif_default                            0x200001bc   Data           4  netif.o(.data)
    tcp_ticks                                0x200001c8   Data           4  tcp.o(.data)
    tcp_bound_pcbs                           0x200001cc   Data           4  tcp.o(.data)
    tcp_listen_pcbs                          0x200001d0   Data           4  tcp.o(.data)
    tcp_active_pcbs                          0x200001d4   Data           4  tcp.o(.data)
    tcp_tw_pcbs                              0x200001d8   Data           4  tcp.o(.data)
    tcp_active_pcbs_changed                  0x200001dc   Data           1  tcp.o(.data)
    tcp_input_pcb                            0x20000208   Data           4  tcp_in.o(.data)
    udp_pcbs                                 0x2000021c   Data           4  udp.o(.data)
    dhcp_rx_options_given                    0x20000220   Data           8  dhcp.o(.data)
    DHCPfineTimer                            0x20000244   Data           4  lwip_comm.o(.data)
    DHCPcoarseTimer                          0x20000248   Data           4  lwip_comm.o(.data)
    g_usart_rx_buf                           0x2000024c   Data         200  usart.o(.bss)
    g_uart1_handle                           0x20000314   Data          68  usart.o(.bss)
    g_sram_handle                            0x20000358   Data          80  lcd.o(.bss)
    lcddev                                   0x200003a8   Data          14  lcd.o(.bss)
    g_eth_handler                            0x200003b8   Data          72  ethernet.o(.bss)
    g_timx_usmart_handle                     0x20000400   Data          72  usmart_port.o(.bss)
    ip_data                                  0x2001ad80   Data          24  ip.o(.bss)
    ram_heap                                 0x2001ad98   Data       10259  mem.o(.bss)
    memp_memory_UDP_PCB_base                 0x2001d5ab   Data         195  memp.o(.bss)
    memp_memory_TCP_PCB_base                 0x2001d66e   Data        1523  memp.o(.bss)
    memp_memory_TCP_PCB_LISTEN_base          0x2001dc61   Data         143  memp.o(.bss)
    memp_memory_TCP_SEG_base                 0x2001dcf0   Data         131  memp.o(.bss)
    memp_memory_REASSDATA_base               0x2001dd73   Data         163  memp.o(.bss)
    memp_memory_FRAG_PBUF_base               0x2001de16   Data         363  memp.o(.bss)
    memp_memory_SYS_TIMEOUT_base             0x2001df81   Data         163  memp.o(.bss)
    memp_memory_PBUF_base                    0x2001e024   Data         163  memp.o(.bss)
    memp_memory_PBUF_POOL_base               0x2001e0c7   Data        4227  memp.o(.bss)
    dhcp_rx_options_val                      0x2001f15c   Data          32  dhcp.o(.bss)
    lwipdev                                  0x2001f26c   Data          23  lwip_comm.o(.bss)
    lwip_netif                               0x2001f284   Data          56  lwip_comm.o(.bss)
    gdhcp                                    0x2001f2bc   Data          52  lwip_comm.o(.bss)
    _random_number_data                      0x2001f2f0   Data         228  rand.o(.bss)
    __libspace_start                         0x2001f3d4   Data          96  libspace.o(.bss)
    __temporary_stack_top$libspace           0x2001f434   Data           0  libspace.o(.bss)



==============================================================================

Memory Map of the image

  Image Entry point : 0x08000189

  Load Region LR_IROM1 (Base: 0x08000000, Size: 0x00014198, Max: 0x00100000, ABSOLUTE, COMPRESSED[0x00013fd4])

    Execution Region ER_IROM1 (Exec base: 0x08000000, Load base: 0x08000000, Size: 0x00013f4c, Max: 0x00100000, ABSOLUTE)

    Exec Addr    Load Addr    Size         Type   Attr      Idx    E Section Name        Object

    0x08000000   0x08000000   0x00000188   Data   RO            3    RESET               startup_stm32f407xx.o
    0x08000188   0x08000188   0x00000008   Code   RO         7246  * !!!main             c_w.l(__main.o)
    0x08000190   0x08000190   0x00000034   Code   RO         7467    !!!scatter          c_w.l(__scatter.o)
    0x080001c4   0x080001c4   0x0000005a   Code   RO         7465    !!dczerorl2         c_w.l(__dczerorl2.o)
    0x0800021e   0x0800021e   0x00000002   PAD
    0x08000220   0x08000220   0x0000001c   Code   RO         7469    !!handler_zi        c_w.l(__scatter_zi.o)
    0x0800023c   0x0800023c   0x00000000   Code   RO         7222    .ARM.Collect$$_printf_percent$$00000000  c_w.l(_printf_percent.o)
    0x0800023c   0x0800023c   0x00000006   Code   RO         7220    .ARM.Collect$$_printf_percent$$00000009  c_w.l(_printf_d.o)
    0x08000242   0x08000242   0x00000006   Code   RO         7221    .ARM.Collect$$_printf_percent$$0000000A  c_w.l(_printf_u.o)
    0x08000248   0x08000248   0x00000006   Code   RO         7219    .ARM.Collect$$_printf_percent$$0000000C  c_w.l(_printf_x.o)
    0x0800024e   0x0800024e   0x00000006   Code   RO         7217    .ARM.Collect$$_printf_percent$$00000013  c_w.l(_printf_c.o)
    0x08000254   0x08000254   0x00000006   Code   RO         7218    .ARM.Collect$$_printf_percent$$00000014  c_w.l(_printf_s.o)
    0x0800025a   0x0800025a   0x00000004   Code   RO         7283    .ARM.Collect$$_printf_percent$$00000017  c_w.l(_printf_percent_end.o)
    0x0800025e   0x0800025e   0x00000002   Code   RO         7398    .ARM.Collect$$libinit$$00000000  c_w.l(libinit.o)
    0x08000260   0x08000260   0x00000004   Code   RO         7293    .ARM.Collect$$libinit$$00000001  c_w.l(libinit2.o)
    0x08000264   0x08000264   0x00000000   Code   RO         7296    .ARM.Collect$$libinit$$00000004  c_w.l(libinit2.o)
    0x08000264   0x08000264   0x00000000   Code   RO         7299    .ARM.Collect$$libinit$$0000000A  c_w.l(libinit2.o)
    0x08000264   0x08000264   0x00000000   Code   RO         7301    .ARM.Collect$$libinit$$0000000C  c_w.l(libinit2.o)
    0x08000264   0x08000264   0x00000004   Code   RO         7302    .ARM.Collect$$libinit$$0000000D  c_w.l(libinit2.o)
    0x08000268   0x08000268   0x00000000   Code   RO         7303    .ARM.Collect$$libinit$$0000000E  c_w.l(libinit2.o)
    0x08000268   0x08000268   0x00000000   Code   RO         7306    .ARM.Collect$$libinit$$00000011  c_w.l(libinit2.o)
    0x08000268   0x08000268   0x00000000   Code   RO         7308    .ARM.Collect$$libinit$$00000013  c_w.l(libinit2.o)
    0x08000268   0x08000268   0x00000000   Code   RO         7310    .ARM.Collect$$libinit$$00000015  c_w.l(libinit2.o)
    0x08000268   0x08000268   0x00000000   Code   RO         7312    .ARM.Collect$$libinit$$00000017  c_w.l(libinit2.o)
    0x08000268   0x08000268   0x00000000   Code   RO         7314    .ARM.Collect$$libinit$$00000019  c_w.l(libinit2.o)
    0x08000268   0x08000268   0x00000000   Code   RO         7316    .ARM.Collect$$libinit$$0000001B  c_w.l(libinit2.o)
    0x08000268   0x08000268   0x00000000   Code   RO         7318    .ARM.Collect$$libinit$$0000001D  c_w.l(libinit2.o)
    0x08000268   0x08000268   0x00000000   Code   RO         7320    .ARM.Collect$$libinit$$0000001F  c_w.l(libinit2.o)
    0x08000268   0x08000268   0x00000000   Code   RO         7322    .ARM.Collect$$libinit$$00000021  c_w.l(libinit2.o)
    0x08000268   0x08000268   0x00000000   Code   RO         7324    .ARM.Collect$$libinit$$00000023  c_w.l(libinit2.o)
    0x08000268   0x08000268   0x00000000   Code   RO         7326    .ARM.Collect$$libinit$$00000025  c_w.l(libinit2.o)
    0x08000268   0x08000268   0x00000000   Code   RO         7330    .ARM.Collect$$libinit$$0000002C  c_w.l(libinit2.o)
    0x08000268   0x08000268   0x00000000   Code   RO         7332    .ARM.Collect$$libinit$$0000002E  c_w.l(libinit2.o)
    0x08000268   0x08000268   0x00000000   Code   RO         7334    .ARM.Collect$$libinit$$00000030  c_w.l(libinit2.o)
    0x08000268   0x08000268   0x00000000   Code   RO         7336    .ARM.Collect$$libinit$$00000032  c_w.l(libinit2.o)
    0x08000268   0x08000268   0x00000002   Code   RO         7337    .ARM.Collect$$libinit$$00000033  c_w.l(libinit2.o)
    0x0800026a   0x0800026a   0x00000002   Code   RO         7430    .ARM.Collect$$libshutdown$$00000000  c_w.l(libshutdown.o)
    0x0800026c   0x0800026c   0x00000000   Code   RO         7446    .ARM.Collect$$libshutdown$$00000002  c_w.l(libshutdown2.o)
    0x0800026c   0x0800026c   0x00000000   Code   RO         7448    .ARM.Collect$$libshutdown$$00000004  c_w.l(libshutdown2.o)
    0x0800026c   0x0800026c   0x00000000   Code   RO         7450    .ARM.Collect$$libshutdown$$00000006  c_w.l(libshutdown2.o)
    0x0800026c   0x0800026c   0x00000000   Code   RO         7453    .ARM.Collect$$libshutdown$$00000009  c_w.l(libshutdown2.o)
    0x0800026c   0x0800026c   0x00000000   Code   RO         7456    .ARM.Collect$$libshutdown$$0000000C  c_w.l(libshutdown2.o)
    0x0800026c   0x0800026c   0x00000000   Code   RO         7458    .ARM.Collect$$libshutdown$$0000000E  c_w.l(libshutdown2.o)
    0x0800026c   0x0800026c   0x00000000   Code   RO         7461    .ARM.Collect$$libshutdown$$00000011  c_w.l(libshutdown2.o)
    0x0800026c   0x0800026c   0x00000002   Code   RO         7462    .ARM.Collect$$libshutdown$$00000012  c_w.l(libshutdown2.o)
    0x0800026e   0x0800026e   0x00000000   Code   RO         7262    .ARM.Collect$$rtentry$$00000000  c_w.l(__rtentry.o)
    0x0800026e   0x0800026e   0x00000000   Code   RO         7347    .ARM.Collect$$rtentry$$00000002  c_w.l(__rtentry2.o)
    0x0800026e   0x0800026e   0x00000006   Code   RO         7359    .ARM.Collect$$rtentry$$00000004  c_w.l(__rtentry4.o)
    0x08000274   0x08000274   0x00000000   Code   RO         7349    .ARM.Collect$$rtentry$$00000009  c_w.l(__rtentry2.o)
    0x08000274   0x08000274   0x00000004   Code   RO         7350    .ARM.Collect$$rtentry$$0000000A  c_w.l(__rtentry2.o)
    0x08000278   0x08000278   0x00000000   Code   RO         7352    .ARM.Collect$$rtentry$$0000000C  c_w.l(__rtentry2.o)
    0x08000278   0x08000278   0x00000008   Code   RO         7353    .ARM.Collect$$rtentry$$0000000D  c_w.l(__rtentry2.o)
    0x08000280   0x08000280   0x00000002   Code   RO         7399    .ARM.Collect$$rtexit$$00000000  c_w.l(rtexit.o)
    0x08000282   0x08000282   0x00000000   Code   RO         7414    .ARM.Collect$$rtexit$$00000002  c_w.l(rtexit2.o)
    0x08000282   0x08000282   0x00000004   Code   RO         7415    .ARM.Collect$$rtexit$$00000003  c_w.l(rtexit2.o)
    0x08000286   0x08000286   0x00000006   Code   RO         7416    .ARM.Collect$$rtexit$$00000004  c_w.l(rtexit2.o)
    0x0800028c   0x0800028c   0x00000034   Code   RO         7225    .emb_text           c_w.l(rand.o)
    0x080002c0   0x080002c0   0x0000004c   Code   RO            4    .text               startup_stm32f407xx.o
    0x0800030c   0x0800030c   0x00000002   Code   RO         7158    .text               c_w.l(use_no_semi_2.o)
    0x0800030e   0x0800030e   0x000000ee   Code   RO         7162    .text               c_w.l(lludivv7m.o)
    0x080003fc   0x080003fc   0x00000018   Code   RO         7166    .text               c_w.l(noretval__2printf.o)
    0x08000414   0x08000414   0x0000004e   Code   RO         7170    .text               c_w.l(_printf_pad.o)
    0x08000462   0x08000462   0x00000052   Code   RO         7172    .text               c_w.l(_printf_str.o)
    0x080004b4   0x080004b4   0x00000078   Code   RO         7174    .text               c_w.l(_printf_dec.o)
    0x0800052c   0x0800052c   0x00000058   Code   RO         7179    .text               c_w.l(_printf_hex_int.o)
    0x08000584   0x08000584   0x00000188   Code   RO         7214    .text               c_w.l(__printf_flags_ss_wp.o)
    0x0800070c   0x0800070c   0x0000003c   Code   RO         7226    .text               c_w.l(rand.o)
    0x08000748   0x08000748   0x00000058   Code   RO         7230    .text               c_w.l(memcmp.o)
    0x080007a0   0x080007a0   0x0000008a   Code   RO         7236    .text               c_w.l(rt_memcpy_v6.o)
    0x0800082a   0x0800082a   0x00000044   Code   RO         7240    .text               c_w.l(rt_memclr.o)
    0x0800086e   0x0800086e   0x0000004e   Code   RO         7242    .text               c_w.l(rt_memclr_w.o)
    0x080008bc   0x080008bc   0x00000006   Code   RO         7244    .text               c_w.l(heapauxi.o)
    0x080008c2   0x080008c2   0x00000002   Code   RO         7260    .text               c_w.l(use_no_semi.o)
    0x080008c4   0x080008c4   0x000000b2   Code   RO         7277    .text               c_w.l(_printf_intcommon.o)
    0x08000976   0x08000976   0x0000002c   Code   RO         7279    .text               c_w.l(_printf_char.o)
    0x080009a2   0x080009a2   0x00000002   PAD
    0x080009a4   0x080009a4   0x00000024   Code   RO         7281    .text               c_w.l(_printf_char_file.o)
    0x080009c8   0x080009c8   0x00000064   Code   RO         7289    .text               c_w.l(rt_memcpy_w.o)
    0x08000a2c   0x08000a2c   0x00000008   Code   RO         7343    .text               c_w.l(libspace.o)
    0x08000a34   0x08000a34   0x00000030   Code   RO         7363    .text               c_w.l(_printf_char_common.o)
    0x08000a64   0x08000a64   0x00000008   Code   RO         7367    .text               c_w.l(ferror.o)
    0x08000a6c   0x08000a6c   0x0000004a   Code   RO         7377    .text               c_w.l(sys_stackheap_outer.o)
    0x08000ab6   0x08000ab6   0x00000012   Code   RO         7383    .text               c_w.l(exit.o)
    0x08000ac8   0x08000ac8   0x00000004   Code   RO          288    i.BusFault_Handler  stm32f4xx_it.o
    0x08000acc   0x08000acc   0x00000002   Code   RO          289    i.DebugMon_Handler  stm32f4xx_it.o
    0x08000ace   0x08000ace   0x00000016   Code   RO         3784    i.ETH_DMAReceptionEnable  stm32f4xx_hal_eth.o
    0x08000ae4   0x08000ae4   0x00000016   Code   RO         3786    i.ETH_DMATransmissionEnable  stm32f4xx_hal_eth.o
    0x08000afa   0x08000afa   0x00000002   PAD
    0x08000afc   0x08000afc   0x00000028   Code   RO         3787    i.ETH_Delay         stm32f4xx_hal_eth.o
    0x08000b24   0x08000b24   0x00000038   Code   RO         3788    i.ETH_FlushTransmitFIFO  stm32f4xx_hal_eth.o
    0x08000b5c   0x08000b5c   0x00000034   Code   RO         4285    i.ETH_IRQHandler    ethernet.o
    0x08000b90   0x08000b90   0x00000034   Code   RO         3789    i.ETH_MACAddressConfig  stm32f4xx_hal_eth.o
    0x08000bc4   0x08000bc4   0x00000244   Code   RO         3790    i.ETH_MACDMAConfig  stm32f4xx_hal_eth.o
    0x08000e08   0x08000e08   0x00000028   Code   RO         3792    i.ETH_MACReceptionEnable  stm32f4xx_hal_eth.o
    0x08000e30   0x08000e30   0x00000028   Code   RO         3794    i.ETH_MACTransmissionEnable  stm32f4xx_hal_eth.o
    0x08000e58   0x08000e58   0x00000048   Code   RO         2224    i.FSMC_NORSRAM_Extended_Timing_Init  stm32f4xx_ll_fsmc.o
    0x08000ea0   0x08000ea0   0x0000005c   Code   RO         2225    i.FSMC_NORSRAM_Init  stm32f4xx_ll_fsmc.o
    0x08000efc   0x08000efc   0x00000044   Code   RO         2226    i.FSMC_NORSRAM_Timing_Init  stm32f4xx_ll_fsmc.o
    0x08000f40   0x08000f40   0x000000aa   Code   RO          923    i.HAL_DMA_Abort     stm32f4xx_hal_dma.o
    0x08000fea   0x08000fea   0x00000028   Code   RO          924    i.HAL_DMA_Abort_IT  stm32f4xx_hal_dma.o
    0x08001012   0x08001012   0x0000000c   Code   RO          400    i.HAL_Delay         delay.o
    0x0800101e   0x0800101e   0x0000008c   Code   RO         3797    i.HAL_ETH_DMARxDescListInit  stm32f4xx_hal_eth.o
    0x080010aa   0x080010aa   0x00000084   Code   RO         3798    i.HAL_ETH_DMATxDescListInit  stm32f4xx_hal_eth.o
    0x0800112e   0x0800112e   0x000000b2   Code   RO         3801    i.HAL_ETH_GetReceivedFrame  stm32f4xx_hal_eth.o
    0x080011e0   0x080011e0   0x000002a0   Code   RO         3805    i.HAL_ETH_Init      stm32f4xx_hal_eth.o
    0x08001480   0x08001480   0x000002a0   Code   RO         4286    i.HAL_ETH_MspInit   ethernet.o
    0x08001720   0x08001720   0x00000092   Code   RO         3808    i.HAL_ETH_ReadPHYRegister  stm32f4xx_hal_eth.o
    0x080017b2   0x080017b2   0x00000052   Code   RO         3810    i.HAL_ETH_Start     stm32f4xx_hal_eth.o
    0x08001804   0x08001804   0x0000013e   Code   RO         3812    i.HAL_ETH_TransmitFrame  stm32f4xx_hal_eth.o
    0x08001942   0x08001942   0x00000090   Code   RO         3814    i.HAL_ETH_WritePHYRegister  stm32f4xx_hal_eth.o
    0x080019d2   0x080019d2   0x00000002   PAD
    0x080019d4   0x080019d4   0x00000204   Code   RO         1029    i.HAL_GPIO_Init     stm32f4xx_hal_gpio.o
    0x08001bd8   0x08001bd8   0x0000000c   Code   RO         1033    i.HAL_GPIO_WritePin  stm32f4xx_hal_gpio.o
    0x08001be4   0x08001be4   0x0000000c   Code   RO          606    i.HAL_GetREVID      stm32f4xx_hal.o
    0x08001bf0   0x08001bf0   0x0000000c   Code   RO          607    i.HAL_GetTick       stm32f4xx_hal.o
    0x08001bfc   0x08001bfc   0x00000018   Code   RO          613    i.HAL_IncTick       stm32f4xx_hal.o
    0x08001c14   0x08001c14   0x00000030   Code   RO          614    i.HAL_Init          stm32f4xx_hal.o
    0x08001c44   0x08001c44   0x0000004c   Code   RO          615    i.HAL_InitTick      stm32f4xx_hal.o
    0x08001c90   0x08001c90   0x00000002   Code   RO          617    i.HAL_MspInit       stm32f4xx_hal.o
    0x08001c92   0x08001c92   0x00000020   Code   RO          785    i.HAL_NVIC_EnableIRQ  stm32f4xx_hal_cortex.o
    0x08001cb2   0x08001cb2   0x0000007c   Code   RO          791    i.HAL_NVIC_SetPriority  stm32f4xx_hal_cortex.o
    0x08001d2e   0x08001d2e   0x00000002   PAD
    0x08001d30   0x08001d30   0x00000028   Code   RO          792    i.HAL_NVIC_SetPriorityGrouping  stm32f4xx_hal_cortex.o
    0x08001d58   0x08001d58   0x00000184   Code   RO         1093    i.HAL_RCC_ClockConfig  stm32f4xx_hal_rcc.o
    0x08001edc   0x08001edc   0x0000000c   Code   RO         1098    i.HAL_RCC_GetHCLKFreq  stm32f4xx_hal_rcc.o
    0x08001ee8   0x08001ee8   0x00000020   Code   RO         1100    i.HAL_RCC_GetPCLK1Freq  stm32f4xx_hal_rcc.o
    0x08001f08   0x08001f08   0x00000020   Code   RO         1101    i.HAL_RCC_GetPCLK2Freq  stm32f4xx_hal_rcc.o
    0x08001f28   0x08001f28   0x000000b0   Code   RO         1102    i.HAL_RCC_GetSysClockFreq  stm32f4xx_hal_rcc.o
    0x08001fd8   0x08001fd8   0x0000049c   Code   RO         1105    i.HAL_RCC_OscConfig  stm32f4xx_hal_rcc.o
    0x08002474   0x08002474   0x00000058   Code   RO         2100    i.HAL_SRAM_Init     stm32f4xx_hal_sram.o
    0x080024cc   0x080024cc   0x000000a4   Code   RO         4005    i.HAL_SRAM_MspInit  lcd.o
    0x08002570   0x08002570   0x00000028   Code   RO          794    i.HAL_SYSTICK_CLKSourceConfig  stm32f4xx_hal_cortex.o
    0x08002598   0x08002598   0x00000034   Code   RO          796    i.HAL_SYSTICK_Config  stm32f4xx_hal_cortex.o
    0x080025cc   0x080025cc   0x00000066   Code   RO         2611    i.HAL_TIM_Base_Init  stm32f4xx_hal_tim.o
    0x08002632   0x08002632   0x00000002   Code   RO         2613    i.HAL_TIM_Base_MspInit  stm32f4xx_hal_tim.o
    0x08002634   0x08002634   0x000000a8   Code   RO         2616    i.HAL_TIM_Base_Start_IT  stm32f4xx_hal_tim.o
    0x080026dc   0x080026dc   0x00000002   Code   RO         1699    i.HAL_UARTEx_RxEventCallback  stm32f4xx_hal_uart.o
    0x080026de   0x080026de   0x00000002   Code   RO         1713    i.HAL_UART_ErrorCallback  stm32f4xx_hal_uart.o
    0x080026e0   0x080026e0   0x00000014   Code   RO         1715    i.HAL_UART_GetState  stm32f4xx_hal_uart.o
    0x080026f4   0x080026f4   0x00000250   Code   RO         1716    i.HAL_UART_IRQHandler  stm32f4xx_hal_uart.o
    0x08002944   0x08002944   0x00000072   Code   RO         1717    i.HAL_UART_Init     stm32f4xx_hal_uart.o
    0x080029b6   0x080029b6   0x00000002   PAD
    0x080029b8   0x080029b8   0x000000c8   Code   RO          517    i.HAL_UART_MspInit  usart.o
    0x08002a80   0x08002a80   0x00000042   Code   RO         1722    i.HAL_UART_Receive_IT  stm32f4xx_hal_uart.o
    0x08002ac2   0x08002ac2   0x00000002   PAD
    0x08002ac4   0x08002ac4   0x00000088   Code   RO          518    i.HAL_UART_RxCpltCallback  usart.o
    0x08002b4c   0x08002b4c   0x00000002   Code   RO         1728    i.HAL_UART_TxCpltCallback  stm32f4xx_hal_uart.o
    0x08002b4e   0x08002b4e   0x00000004   Code   RO          290    i.HardFault_Handler  stm32f4xx_it.o
    0x08002b52   0x08002b52   0x00000004   Code   RO          291    i.MemManage_Handler  stm32f4xx_it.o
    0x08002b56   0x08002b56   0x00000002   Code   RO          292    i.NMI_Handler       stm32f4xx_it.o
    0x08002b58   0x08002b58   0x00000002   Code   RO          293    i.PendSV_Handler    stm32f4xx_it.o
    0x08002b5a   0x08002b5a   0x00000002   Code   RO          294    i.SVC_Handler       stm32f4xx_it.o
    0x08002b5c   0x08002b5c   0x00000008   Code   RO          295    i.SysTick_Handler   stm32f4xx_it.o
    0x08002b64   0x08002b64   0x00000014   Code   RO          364    i.SystemInit        system_stm32f4xx.o
    0x08002b78   0x08002b78   0x00000044   Code   RO         4435    i.TIM4_IRQHandler   usmart_port.o
    0x08002bbc   0x08002bbc   0x000000d8   Code   RO         2704    i.TIM_Base_SetConfig  stm32f4xx_hal_tim.o
    0x08002c94   0x08002c94   0x00000014   Code   RO         1730    i.UART_DMAAbortOnError  stm32f4xx_hal_uart.o
    0x08002ca8   0x08002ca8   0x00000036   Code   RO         1740    i.UART_EndRxTransfer  stm32f4xx_hal_uart.o
    0x08002cde   0x08002cde   0x00000020   Code   RO         1741    i.UART_EndTransmit_IT  stm32f4xx_hal_uart.o
    0x08002cfe   0x08002cfe   0x000000be   Code   RO         1743    i.UART_Receive_IT   stm32f4xx_hal_uart.o
    0x08002dbc   0x08002dbc   0x0000022c   Code   RO         1744    i.UART_SetConfig    stm32f4xx_hal_uart.o
    0x08002fe8   0x08002fe8   0x00000046   Code   RO         1746    i.UART_Start_Receive_IT  stm32f4xx_hal_uart.o
    0x0800302e   0x0800302e   0x00000060   Code   RO         1747    i.UART_Transmit_IT  stm32f4xx_hal_uart.o
    0x0800308e   0x0800308e   0x00000002   PAD
    0x08003090   0x08003090   0x00000050   Code   RO          519    i.USART1_IRQHandler  usart.o
    0x080030e0   0x080030e0   0x00000004   Code   RO          296    i.UsageFault_Handler  stm32f4xx_it.o
    0x080030e4   0x080030e4   0x00000010   Code   RO          798    i.__NVIC_GetPriorityGrouping  stm32f4xx_hal_cortex.o
    0x080030f4   0x080030f4   0x00000028   Code   RO          799    i.__NVIC_SetPriority  stm32f4xx_hal_cortex.o
    0x0800311c   0x0800311c   0x0000000e   Code   RO         7207    i._is_digit         c_w.l(__printf_wp.o)
    0x0800312a   0x0800312a   0x00000004   Code   RO          521    i._sys_exit         usart.o
    0x0800312e   0x0800312e   0x00000002   PAD
    0x08003130   0x08003130   0x00000014   Code   RO          401    i.delay_init        delay.o
    0x08003144   0x08003144   0x00000032   Code   RO          402    i.delay_ms          delay.o
    0x08003176   0x08003176   0x00000002   PAD
    0x08003178   0x08003178   0x00000048   Code   RO          403    i.delay_us          delay.o
    0x080031c0   0x080031c0   0x0000002a   Code   RO         6412    i.dhcp_arp_reply    dhcp.o
    0x080031ea   0x080031ea   0x000000e8   Code   RO         6413    i.dhcp_bind         dhcp.o
    0x080032d2   0x080032d2   0x0000003e   Code   RO         6414    i.dhcp_check        dhcp.o
    0x08003310   0x08003310   0x00000068   Code   RO         6416    i.dhcp_coarse_tmr   dhcp.o
    0x08003378   0x08003378   0x000001ac   Code   RO         6417    i.dhcp_create_msg   dhcp.o
    0x08003524   0x08003524   0x000000c0   Code   RO         6418    i.dhcp_dec_pcb_refcount  dhcp.o
    0x080035e4   0x080035e4   0x000000b0   Code   RO         6419    i.dhcp_decline      dhcp.o
    0x08003694   0x08003694   0x00000100   Code   RO         6420    i.dhcp_discover     dhcp.o
    0x08003794   0x08003794   0x00000038   Code   RO         6421    i.dhcp_fine_tmr     dhcp.o
    0x080037cc   0x080037cc   0x00000080   Code   RO         6422    i.dhcp_handle_ack   dhcp.o
    0x0800384c   0x0800384c   0x00000028   Code   RO         6423    i.dhcp_handle_nak   dhcp.o
    0x08003874   0x08003874   0x00000030   Code   RO         6424    i.dhcp_handle_offer  dhcp.o
    0x080038a4   0x080038a4   0x00000108   Code   RO         6425    i.dhcp_inc_pcb_refcount  dhcp.o
    0x080039ac   0x080039ac   0x00000098   Code   RO         6428    i.dhcp_option       dhcp.o
    0x08003a44   0x08003a44   0x000000bc   Code   RO         6429    i.dhcp_option_byte  dhcp.o
    0x08003b00   0x08003b00   0x000000e4   Code   RO         6430    i.dhcp_option_long  dhcp.o
    0x08003be4   0x08003be4   0x000000cc   Code   RO         6431    i.dhcp_option_short  dhcp.o
    0x08003cb0   0x08003cb0   0x0000003a   Code   RO         6432    i.dhcp_option_trailer  dhcp.o
    0x08003cea   0x08003cea   0x00000002   PAD
    0x08003cec   0x08003cec   0x000003b0   Code   RO         6433    i.dhcp_parse_reply  dhcp.o
    0x0800409c   0x0800409c   0x000000f4   Code   RO         6434    i.dhcp_rebind       dhcp.o
    0x08004190   0x08004190   0x00000118   Code   RO         6435    i.dhcp_reboot       dhcp.o
    0x080042a8   0x080042a8   0x00000128   Code   RO         6436    i.dhcp_recv         dhcp.o
    0x080043d0   0x080043d0   0x000000d4   Code   RO         6438    i.dhcp_release_and_stop  dhcp.o
    0x080044a4   0x080044a4   0x000000f0   Code   RO         6439    i.dhcp_renew        dhcp.o
    0x08004594   0x08004594   0x00000170   Code   RO         6440    i.dhcp_select       dhcp.o
    0x08004704   0x08004704   0x00000010   Code   RO         6441    i.dhcp_set_state    dhcp.o
    0x08004714   0x08004714   0x0000009a   Code   RO         6443    i.dhcp_start        dhcp.o
    0x080047ae   0x080047ae   0x00000028   Code   RO         6445    i.dhcp_supplied_address  dhcp.o
    0x080047d6   0x080047d6   0x00000042   Code   RO         6446    i.dhcp_t1_timeout   dhcp.o
    0x08004818   0x08004818   0x00000048   Code   RO         6447    i.dhcp_t2_timeout   dhcp.o
    0x08004860   0x08004860   0x00000074   Code   RO         6448    i.dhcp_timeout      dhcp.o
    0x080048d4   0x080048d4   0x000000a4   Code   RO         5161    i.do_memp_free_pool  memp.o
    0x08004978   0x08004978   0x000000ac   Code   RO         5162    i.do_memp_malloc_pool  memp.o
    0x08004a24   0x08004a24   0x00000038   Code   RO         6627    i.etharp_cleanup_netif  etharp.o
    0x08004a5c   0x08004a5c   0x000002f8   Code   RO         6629    i.etharp_find_entry  etharp.o
    0x08004d54   0x08004d54   0x00000040   Code   RO         6630    i.etharp_free_entry  etharp.o
    0x08004d94   0x08004d94   0x000000be   Code   RO         6632    i.etharp_input      etharp.o
    0x08004e52   0x08004e52   0x00000002   PAD
    0x08004e54   0x08004e54   0x00000218   Code   RO         6633    i.etharp_output     etharp.o
    0x0800506c   0x0800506c   0x00000160   Code   RO         6634    i.etharp_output_to_arp_index  etharp.o
    0x080051cc   0x080051cc   0x000002c4   Code   RO         6635    i.etharp_query      etharp.o
    0x08005490   0x08005490   0x00000180   Code   RO         6636    i.etharp_raw        etharp.o
    0x08005610   0x08005610   0x00000018   Code   RO         6637    i.etharp_request    etharp.o
    0x08005628   0x08005628   0x0000002c   Code   RO         6638    i.etharp_request_dst  etharp.o
    0x08005654   0x08005654   0x000000dc   Code   RO         6639    i.etharp_tmr        etharp.o
    0x08005730   0x08005730   0x00000154   Code   RO         6640    i.etharp_update_arp_entry  etharp.o
    0x08005884   0x08005884   0x00000024   Code   RO         4288    i.ethernet_get_eth_rx_size  ethernet.o
    0x080058a8   0x080058a8   0x00000078   Code   RO         4289    i.ethernet_init     ethernet.o
    0x08005920   0x08005920   0x000000c4   Code   RO         6928    i.ethernet_input    ethernet_1.o
    0x080059e4   0x080059e4   0x00000054   Code   RO         4291    i.ethernet_mem_malloc  ethernet.o
    0x08005a38   0x08005a38   0x000000f8   Code   RO         6929    i.ethernet_output   ethernet_1.o
    0x08005b30   0x08005b30   0x000000c0   Code   RO         6958    i.ethernetif_init   ethernetif.o
    0x08005bf0   0x08005bf0   0x00000022   Code   RO         6959    i.ethernetif_input  ethernetif.o
    0x08005c12   0x08005c12   0x00000002   PAD
    0x08005c14   0x08005c14   0x0000001c   Code   RO          523    i.fputc             usart.o
    0x08005c30   0x08005c30   0x00000012   Code   RO         6718    i.icmp_dest_unreach  icmp.o
    0x08005c42   0x08005c42   0x00000002   PAD
    0x08005c44   0x08005c44   0x00000274   Code   RO         6719    i.icmp_input        icmp.o
    0x08005eb8   0x08005eb8   0x00000124   Code   RO         6720    i.icmp_send_response  icmp.o
    0x08005fdc   0x08005fdc   0x00000012   Code   RO         6721    i.icmp_time_exceeded  icmp.o
    0x08005fee   0x08005fee   0x00000056   Code   RO         4834    i.inet_chksum_pbuf  inet_chksum.o
    0x08006044   0x08006044   0x0000004e   Code   RO         6803    i.ip4_addr_isbroadcast_u32  ip4_addr.o
    0x08006092   0x08006092   0x00000002   PAD
    0x08006094   0x08006094   0x00000294   Code   RO         6859    i.ip4_frag          ip4_frag.o
    0x08006328   0x08006328   0x000001c8   Code   RO         6760    i.ip4_input         ip4.o
    0x080064f0   0x080064f0   0x00000034   Code   RO         6761    i.ip4_input_accept  ip4.o
    0x08006524   0x08006524   0x00000036   Code   RO         6763    i.ip4_output_if     ip4.o
    0x0800655a   0x0800655a   0x00000002   PAD
    0x0800655c   0x0800655c   0x00000194   Code   RO         6764    i.ip4_output_if_src  ip4.o
    0x080066f0   0x080066f0   0x000002f0   Code   RO         6860    i.ip4_reass         ip4_frag.o
    0x080069e0   0x080069e0   0x00000094   Code   RO         6765    i.ip4_route         ip4.o
    0x08006a74   0x08006a74   0x0000000a   Code   RO         6861    i.ip_frag_alloc_pbuf_custom_ref  ip4_frag.o
    0x08006a7e   0x08006a7e   0x00000002   PAD
    0x08006a80   0x08006a80   0x0000008c   Code   RO         6862    i.ip_frag_free_pbuf_custom_ref  ip4_frag.o
    0x08006b0c   0x08006b0c   0x000002f4   Code   RO         6863    i.ip_reass_chain_frag_into_datagram_and_validate  ip4_frag.o
    0x08006e00   0x08006e00   0x000000b8   Code   RO         6864    i.ip_reass_dequeue_datagram  ip4_frag.o
    0x08006eb8   0x08006eb8   0x00000054   Code   RO         6865    i.ip_reass_enqueue_new_datagram  ip4_frag.o
    0x08006f0c   0x08006f0c   0x000001d4   Code   RO         6866    i.ip_reass_free_complete_datagram  ip4_frag.o
    0x080070e0   0x080070e0   0x00000088   Code   RO         6867    i.ip_reass_remove_oldest_datagram  ip4_frag.o
    0x08007168   0x08007168   0x00000034   Code   RO         6868    i.ip_reass_tmr      ip4_frag.o
    0x0800719c   0x0800719c   0x000000bc   Code   RO         6869    i.ipfrag_free_pbuf_custom  ip4_frag.o
    0x08007258   0x08007258   0x000000c0   Code   RO         4254    i.key_init          key.o
    0x08007318   0x08007318   0x00000034   Code   RO         4006    i.lcd_clear         lcd.o
    0x0800734c   0x0800734c   0x00000130   Code   RO         4008    i.lcd_display_dir   lcd.o
    0x0800747c   0x0800747c   0x0000022c   Code   RO         4016    i.lcd_ex_ili9341_reginit  lcd.o
    0x080076a8   0x080076a8   0x00000ef2   Code   RO         4017    i.lcd_ex_nt35310_reginit  lcd.o
    0x0800859a   0x0800859a   0x00000efc   Code   RO         4018    i.lcd_ex_nt35510_reginit  lcd.o
    0x08009496   0x08009496   0x0000016e   Code   RO         4019    i.lcd_ex_ssd1963_reginit  lcd.o
    0x08009604   0x08009604   0x000001a8   Code   RO         4020    i.lcd_ex_st7789_reginit  lcd.o
    0x080097ac   0x080097ac   0x0000041c   Code   RO         4023    i.lcd_init          lcd.o
    0x08009bc8   0x08009bc8   0x00000014   Code   RO         4026    i.lcd_rd_data       lcd.o
    0x08009bdc   0x08009bdc   0x00000230   Code   RO         4028    i.lcd_scan_dir      lcd.o
    0x08009e0c   0x08009e0c   0x00000120   Code   RO         4029    i.lcd_set_cursor    lcd.o
    0x08009f2c   0x08009f2c   0x00000060   Code   RO         4035    i.lcd_ssd_backlight_set  lcd.o
    0x08009f8c   0x08009f8c   0x00000018   Code   RO         4036    i.lcd_wr_data       lcd.o
    0x08009fa4   0x08009fa4   0x00000018   Code   RO         4037    i.lcd_wr_regno      lcd.o
    0x08009fbc   0x08009fbc   0x00000014   Code   RO         4038    i.lcd_write_ram_prepare  lcd.o
    0x08009fd0   0x08009fd0   0x00000010   Code   RO         4039    i.lcd_write_reg     lcd.o
    0x08009fe0   0x08009fe0   0x00000094   Code   RO         3981    i.led_init          led.o
    0x0800a074   0x0800a074   0x00000088   Code   RO         6960    i.low_level_init    ethernetif.o
    0x0800a0fc   0x0800a0fc   0x000000fc   Code   RO         6961    i.low_level_input   ethernetif.o
    0x0800a1f8   0x0800a1f8   0x000000e8   Code   RO         6962    i.low_level_output  ethernetif.o
    0x0800a2e0   0x0800a2e0   0x0000005a   Code   RO         7025    i.lwip_comm_default_ip_set  lwip_comm.o
    0x0800a33a   0x0800a33a   0x00000002   PAD
    0x0800a33c   0x0800a33c   0x0000009c   Code   RO         7026    i.lwip_comm_init    lwip_comm.o
    0x0800a3d8   0x0800a3d8   0x00000050   Code   RO         6212    i.lwip_cyclic_timer  timeouts.o
    0x0800a428   0x0800a428   0x0000048c   Code   RO         7027    i.lwip_dhcp_process_handle  lwip_comm.o
    0x0800a8b4   0x0800a8b4   0x0000001a   Code   RO         4782    i.lwip_htonl        def.o
    0x0800a8ce   0x0800a8ce   0x0000000c   Code   RO         4783    i.lwip_htons        def.o
    0x0800a8da   0x0800a8da   0x00000002   PAD
    0x0800a8dc   0x0800a8dc   0x00000094   Code   RO         4913    i.lwip_init         init.o
    0x0800a970   0x0800a970   0x00000064   Code   RO         7028    i.lwip_periodic_handle  lwip_comm.o
    0x0800a9d4   0x0800a9d4   0x00000010   Code   RO         7029    i.lwip_pkt_handle   lwip_comm.o
    0x0800a9e4   0x0800a9e4   0x0000005e   Code   RO         4841    i.lwip_standard_chksum  inet_chksum.o
    0x0800aa42   0x0800aa42   0x00000002   PAD
    0x0800aa44   0x0800aa44   0x00000070   Code   RO           13    i.main              main.o
    0x0800aab4   0x0800aab4   0x000001bc   Code   RO         5089    i.mem_free          mem.o
    0x0800ac70   0x0800ac70   0x0000005c   Code   RO         5090    i.mem_init          mem.o
    0x0800accc   0x0800accc   0x00000058   Code   RO         5091    i.mem_link_valid    mem.o
    0x0800ad24   0x0800ad24   0x000002a0   Code   RO         5092    i.mem_malloc        mem.o
    0x0800afc4   0x0800afc4   0x00000010   Code   RO         5093    i.mem_to_ptr        mem.o
    0x0800afd4   0x0800afd4   0x0000022c   Code   RO         5094    i.mem_trim          mem.o
    0x0800b200   0x0800b200   0x00000028   Code   RO         5163    i.memp_free         memp.o
    0x0800b228   0x0800b228   0x00000020   Code   RO         5165    i.memp_init         memp.o
    0x0800b248   0x0800b248   0x0000002c   Code   RO         5166    i.memp_init_pool    memp.o
    0x0800b274   0x0800b274   0x00000024   Code   RO         5167    i.memp_malloc       memp.o
    0x0800b298   0x0800b298   0x0000006c   Code   RO         4596    i.my_mem_free       malloc.o
    0x0800b304   0x0800b304   0x00000030   Code   RO         4597    i.my_mem_init       malloc.o
    0x0800b334   0x0800b334   0x000000a8   Code   RO         4598    i.my_mem_malloc     malloc.o
    0x0800b3dc   0x0800b3dc   0x00000040   Code   RO         4599    i.my_mem_perused    malloc.o
    0x0800b41c   0x0800b41c   0x00000014   Code   RO         4600    i.my_mem_set        malloc.o
    0x0800b430   0x0800b430   0x00000024   Code   RO         4601    i.myfree            malloc.o
    0x0800b454   0x0800b454   0x00000028   Code   RO         4602    i.mymalloc          malloc.o
    0x0800b47c   0x0800b47c   0x000001c0   Code   RO         5258    i.netif_add         netif.o
    0x0800b63c   0x0800b63c   0x00000018   Code   RO         5260    i.netif_do_ip_addr_changed  netif.o
    0x0800b654   0x0800b654   0x00000026   Code   RO         5261    i.netif_do_set_gw   netif.o
    0x0800b67a   0x0800b67a   0x00000002   PAD
    0x0800b67c   0x0800b67c   0x000000d4   Code   RO         5262    i.netif_do_set_ipaddr  netif.o
    0x0800b750   0x0800b750   0x00000026   Code   RO         5263    i.netif_do_set_netmask  netif.o
    0x0800b776   0x0800b776   0x00000002   PAD
    0x0800b778   0x0800b778   0x00000028   Code   RO         5265    i.netif_get_by_index  netif.o
    0x0800b7a0   0x0800b7a0   0x00000002   Code   RO         5267    i.netif_init        netif.o
    0x0800b7a2   0x0800b7a2   0x00000002   PAD
    0x0800b7a4   0x0800b7a4   0x000000cc   Code   RO         5269    i.netif_issue_reports  netif.o
    0x0800b870   0x0800b870   0x00000008   Code   RO         5271    i.netif_null_output_ip4  netif.o
    0x0800b878   0x0800b878   0x00000060   Code   RO         5273    i.netif_set_addr    netif.o
    0x0800b8d8   0x0800b8d8   0x0000000c   Code   RO         5274    i.netif_set_default  netif.o
    0x0800b8e4   0x0800b8e4   0x0000003a   Code   RO         5275    i.netif_set_down    netif.o
    0x0800b91e   0x0800b91e   0x00000032   Code   RO         5282    i.netif_set_up      netif.o
    0x0800b950   0x0800b950   0x00000012   Code   RO         5445    i.pbuf_add_header   pbuf.o
    0x0800b962   0x0800b962   0x00000002   PAD
    0x0800b964   0x0800b964   0x000000e0   Code   RO         5447    i.pbuf_add_header_impl  pbuf.o
    0x0800ba44   0x0800ba44   0x00000290   Code   RO         5448    i.pbuf_alloc        pbuf.o
    0x0800bcd4   0x0800bcd4   0x000000b4   Code   RO         5449    i.pbuf_alloc_reference  pbuf.o
    0x0800bd88   0x0800bd88   0x00000052   Code   RO         5450    i.pbuf_alloced_custom  pbuf.o
    0x0800bdda   0x0800bdda   0x00000002   PAD
    0x0800bddc   0x0800bddc   0x000000fc   Code   RO         5451    i.pbuf_cat          pbuf.o
    0x0800bed8   0x0800bed8   0x00000016   Code   RO         5452    i.pbuf_chain        pbuf.o
    0x0800beee   0x0800beee   0x00000012   Code   RO         5453    i.pbuf_clen         pbuf.o
    0x0800bf00   0x0800bf00   0x000000a8   Code   RO         5454    i.pbuf_clone        pbuf.o
    0x0800bfa8   0x0800bfa8   0x00000020   Code   RO         5456    i.pbuf_copy         pbuf.o
    0x0800bfc8   0x0800bfc8   0x00000080   Code   RO         5457    i.pbuf_copy_partial  pbuf.o
    0x0800c048   0x0800c048   0x000001a8   Code   RO         5458    i.pbuf_copy_partial_pbuf  pbuf.o
    0x0800c1f0   0x0800c1f0   0x00000190   Code   RO         5460    i.pbuf_free         pbuf.o
    0x0800c380   0x0800c380   0x00000012   Code   RO         5465    i.pbuf_header_force  pbuf.o
    0x0800c392   0x0800c392   0x00000022   Code   RO         5466    i.pbuf_header_impl  pbuf.o
    0x0800c3b4   0x0800c3b4   0x0000001e   Code   RO         5467    i.pbuf_init_alloced_pbuf  pbuf.o
    0x0800c3d2   0x0800c3d2   0x00000002   PAD
    0x0800c3d4   0x0800c3d4   0x0000015c   Code   RO         5471    i.pbuf_realloc      pbuf.o
    0x0800c530   0x0800c530   0x00000094   Code   RO         5472    i.pbuf_ref          pbuf.o
    0x0800c5c4   0x0800c5c4   0x000000b8   Code   RO         5473    i.pbuf_remove_header  pbuf.o
    0x0800c67c   0x0800c67c   0x000001d0   Code   RO         5095    i.plug_holes        mem.o
    0x0800c84c   0x0800c84c   0x00000010   Code   RO         5096    i.ptr_to_mem        mem.o
    0x0800c85c   0x0800c85c   0x00000006   Code   RO         4368    i.read_addr         usmart.o
    0x0800c862   0x0800c862   0x00000002   PAD
    0x0800c864   0x0800c864   0x00000054   Code   RO         6213    i.sys_check_timeouts  timeouts.o
    0x0800c8b8   0x0800c8b8   0x00000008   Code   RO         6963    i.sys_now           ethernetif.o
    0x0800c8c0   0x0800c8c0   0x000000cc   Code   RO          450    i.sys_stm32_clock_init  sys.o
    0x0800c98c   0x0800c98c   0x000000c8   Code   RO         6215    i.sys_timeout       timeouts.o
    0x0800ca54   0x0800ca54   0x00000138   Code   RO         6216    i.sys_timeout_abs   timeouts.o
    0x0800cb8c   0x0800cb8c   0x00000028   Code   RO         6217    i.sys_timeouts_init  timeouts.o
    0x0800cbb4   0x0800cbb4   0x00000194   Code   RO         5675    i.tcp_abandon       tcp.o
    0x0800cd48   0x0800cd48   0x0000000e   Code   RO         5676    i.tcp_abort         tcp.o
    0x0800cd56   0x0800cd56   0x00000002   PAD
    0x0800cd58   0x0800cd58   0x000000bc   Code   RO         5679    i.tcp_alloc         tcp.o
    0x0800ce14   0x0800ce14   0x0000002c   Code   RO         5683    i.tcp_close         tcp.o
    0x0800ce40   0x0800ce40   0x00000204   Code   RO         5684    i.tcp_close_shutdown  tcp.o
    0x0800d044   0x0800d044   0x000000e0   Code   RO         5685    i.tcp_close_shutdown_fin  tcp.o
    0x0800d124   0x0800d124   0x000001cc   Code   RO         6064    i.tcp_create_segment  tcp_out.o
    0x0800d2f0   0x0800d2f0   0x000000cc   Code   RO         5688    i.tcp_eff_send_mss_netif  tcp.o
    0x0800d3bc   0x0800d3bc   0x000002b8   Code   RO         6065    i.tcp_enqueue_flags  tcp_out.o
    0x0800d674   0x0800d674   0x0000009c   Code   RO         5690    i.tcp_fasttmr       tcp.o
    0x0800d710   0x0800d710   0x0000008c   Code   RO         5691    i.tcp_free          tcp.o
    0x0800d79c   0x0800d79c   0x00000154   Code   RO         5992    i.tcp_free_acked_segments  tcp_in.o
    0x0800d8f0   0x0800d8f0   0x00000094   Code   RO         5692    i.tcp_free_listen   tcp.o
    0x0800d984   0x0800d984   0x00000048   Code   RO         5993    i.tcp_get_next_optbyte  tcp_in.o
    0x0800d9cc   0x0800d9cc   0x00000034   Code   RO         5693    i.tcp_handle_closepend  tcp.o
    0x0800da00   0x0800da00   0x00000018   Code   RO         5694    i.tcp_init          tcp.o
    0x0800da18   0x0800da18   0x0000080c   Code   RO         5994    i.tcp_input         tcp_in.o
    0x0800e224   0x0800e224   0x000000e0   Code   RO         5995    i.tcp_input_delayed_close  tcp_in.o
    0x0800e304   0x0800e304   0x000000d4   Code   RO         6066    i.tcp_keepalive     tcp_out.o
    0x0800e3d8   0x0800e3d8   0x00000068   Code   RO         5695    i.tcp_kill_prio     tcp.o
    0x0800e440   0x0800e440   0x000000c8   Code   RO         5696    i.tcp_kill_state    tcp.o
    0x0800e508   0x0800e508   0x0000003c   Code   RO         5697    i.tcp_kill_timewait  tcp.o
    0x0800e544   0x0800e544   0x000000cc   Code   RO         5698    i.tcp_listen_closed  tcp.o
    0x0800e610   0x0800e610   0x000001ec   Code   RO         5996    i.tcp_listen_input  tcp_in.o
    0x0800e7fc   0x0800e7fc   0x0000004c   Code   RO         5701    i.tcp_netif_ip_addr_changed  tcp.o
    0x0800e848   0x0800e848   0x000000c8   Code   RO         5702    i.tcp_netif_ip_addr_changed_pcblist  tcp.o
    0x0800e910   0x0800e910   0x000000a4   Code   RO         5706    i.tcp_next_iss      tcp.o
    0x0800e9b4   0x0800e9b4   0x0000035c   Code   RO         6067    i.tcp_output        tcp_out.o
    0x0800ed10   0x0800ed10   0x000000d4   Code   RO         6068    i.tcp_output_alloc_header  tcp_out.o
    0x0800ede4   0x0800ede4   0x0000011c   Code   RO         6069    i.tcp_output_alloc_header_common  tcp_out.o
    0x0800ef00   0x0800ef00   0x000000f4   Code   RO         6070    i.tcp_output_control_segment  tcp_out.o
    0x0800eff4   0x0800eff4   0x0000011c   Code   RO         6071    i.tcp_output_fill_options  tcp_out.o
    0x0800f110   0x0800f110   0x00000244   Code   RO         6072    i.tcp_output_segment  tcp_out.o
    0x0800f354   0x0800f354   0x000000ac   Code   RO         6073    i.tcp_output_segment_busy  tcp_out.o
    0x0800f400   0x0800f400   0x00000128   Code   RO         5997    i.tcp_parseopt      tcp_in.o
    0x0800f528   0x0800f528   0x0000004a   Code   RO         5707    i.tcp_pcb_purge     tcp.o
    0x0800f572   0x0800f572   0x00000002   PAD
    0x0800f574   0x0800f574   0x0000019c   Code   RO         5708    i.tcp_pcb_remove    tcp.o
    0x0800f710   0x0800f710   0x00000738   Code   RO         5998    i.tcp_process       tcp_in.o
    0x0800fe48   0x0800fe48   0x000000a2   Code   RO         5710    i.tcp_process_refused_data  tcp.o
    0x0800feea   0x0800feea   0x00000002   PAD
    0x0800feec   0x0800feec   0x000007c8   Code   RO         5999    i.tcp_receive       tcp_in.o
    0x080106b4   0x080106b4   0x0000003a   Code   RO         5712    i.tcp_recv_null     tcp.o
    0x080106ee   0x080106ee   0x00000002   PAD
    0x080106f0   0x080106f0   0x000000ec   Code   RO         5713    i.tcp_recved        tcp.o
    0x080107dc   0x080107dc   0x000000ac   Code   RO         5714    i.tcp_remove_listener  tcp.o
    0x08010888   0x08010888   0x000000fc   Code   RO         6075    i.tcp_rexmit        tcp_out.o
    0x08010984   0x08010984   0x00000104   Code   RO         6076    i.tcp_rexmit_fast   tcp_out.o
    0x08010a88   0x08010a88   0x000000a0   Code   RO         6077    i.tcp_rexmit_rto    tcp_out.o
    0x08010b28   0x08010b28   0x000000b0   Code   RO         6078    i.tcp_rexmit_rto_commit  tcp_out.o
    0x08010bd8   0x08010bd8   0x00000110   Code   RO         6079    i.tcp_rexmit_rto_prepare  tcp_out.o
    0x08010ce8   0x08010ce8   0x0000001e   Code   RO         6080    i.tcp_route         tcp_out.o
    0x08010d06   0x08010d06   0x00000002   PAD
    0x08010d08   0x08010d08   0x00000120   Code   RO         6081    i.tcp_rst           tcp_out.o
    0x08010e28   0x08010e28   0x0000001a   Code   RO         5715    i.tcp_seg_free      tcp.o
    0x08010e42   0x08010e42   0x00000018   Code   RO         5716    i.tcp_segs_free     tcp.o
    0x08010e5a   0x08010e5a   0x00000002   PAD
    0x08010e5c   0x08010e5c   0x00000138   Code   RO         6082    i.tcp_send_empty_ack  tcp_out.o
    0x08010f94   0x08010f94   0x000000d8   Code   RO         6083    i.tcp_send_fin      tcp_out.o
    0x0801106c   0x0801106c   0x00000710   Code   RO         5720    i.tcp_slowtmr       tcp.o
    0x0801177c   0x0801177c   0x000002cc   Code   RO         6084    i.tcp_split_unsent_seg  tcp_out.o
    0x08011a48   0x08011a48   0x00000038   Code   RO         6220    i.tcp_timer_needed  timeouts.o
    0x08011a80   0x08011a80   0x0000013c   Code   RO         6000    i.tcp_timewait_input  tcp_in.o
    0x08011bbc   0x08011bbc   0x00000024   Code   RO         5722    i.tcp_tmr           tcp.o
    0x08011be0   0x08011be0   0x00000014   Code   RO         6001    i.tcp_trigger_input_pcb_close  tcp_in.o
    0x08011bf4   0x08011bf4   0x00000110   Code   RO         5724    i.tcp_update_rcv_ann_wnd  tcp.o
    0x08011d04   0x08011d04   0x00000168   Code   RO         6087    i.tcp_zero_window_probe  tcp_out.o
    0x08011e6c   0x08011e6c   0x00000038   Code   RO         6221    i.tcpip_tcp_timer   timeouts.o
    0x08011ea4   0x08011ea4   0x000000a4   Code   RO         6288    i.udp_bind          udp.o
    0x08011f48   0x08011f48   0x0000007c   Code   RO         6290    i.udp_connect       udp.o
    0x08011fc4   0x08011fc4   0x00000018   Code   RO         6292    i.udp_init          udp.o
    0x08011fdc   0x08011fdc   0x00000240   Code   RO         6293    i.udp_input         udp.o
    0x0801221c   0x0801221c   0x00000130   Code   RO         6294    i.udp_input_local_match  udp.o
    0x0801234c   0x0801234c   0x00000030   Code   RO         6295    i.udp_netif_ip_addr_changed  udp.o
    0x0801237c   0x0801237c   0x0000001c   Code   RO         6296    i.udp_new           udp.o
    0x08012398   0x08012398   0x00000058   Code   RO         6298    i.udp_new_port      udp.o
    0x080123f0   0x080123f0   0x00000010   Code   RO         6299    i.udp_recv          udp.o
    0x08012400   0x08012400   0x00000050   Code   RO         6300    i.udp_remove        udp.o
    0x08012450   0x08012450   0x0000007a   Code   RO         6303    i.udp_sendto_if     udp.o
    0x080124ca   0x080124ca   0x00000002   PAD
    0x080124cc   0x080124cc   0x000001a4   Code   RO         6304    i.udp_sendto_if_src  udp.o
    0x08012670   0x08012670   0x00000038   Code   RO          524    i.usart_init        usart.o
    0x080126a8   0x080126a8   0x000000b0   Code   RO         4369    i.usmart_cmd_rec    usmart.o
    0x08012758   0x08012758   0x000002d4   Code   RO         4370    i.usmart_exe        usmart.o
    0x08012a2c   0x08012a2c   0x000000d4   Code   RO         4511    i.usmart_get_aparm  usmart_str.o
    0x08012b00   0x08012b00   0x00000036   Code   RO         4512    i.usmart_get_cmdname  usmart_str.o
    0x08012b36   0x08012b36   0x00000002   PAD
    0x08012b38   0x08012b38   0x000001c0   Code   RO         4513    i.usmart_get_fname  usmart_str.o
    0x08012cf8   0x08012cf8   0x0000010c   Code   RO         4514    i.usmart_get_fparam  usmart_str.o
    0x08012e04   0x08012e04   0x00000028   Code   RO         4436    i.usmart_get_input_string  usmart_port.o
    0x08012e2c   0x08012e2c   0x00000020   Code   RO         4515    i.usmart_get_parmpos  usmart_str.o
    0x08012e4c   0x08012e4c   0x00000028   Code   RO         4371    i.usmart_init       usmart.o
    0x08012e74   0x08012e74   0x00000016   Code   RO         4516    i.usmart_pow        usmart_str.o
    0x08012e8a   0x08012e8a   0x00000002   PAD
    0x08012e8c   0x08012e8c   0x000000a8   Code   RO         4372    i.usmart_scan       usmart.o
    0x08012f34   0x08012f34   0x00000016   Code   RO         4517    i.usmart_search_nextc  usmart_str.o
    0x08012f4a   0x08012f4a   0x00000106   Code   RO         4518    i.usmart_str2num    usmart_str.o
    0x08013050   0x08013050   0x00000022   Code   RO         4519    i.usmart_strcmp     usmart_str.o
    0x08013072   0x08013072   0x00000016   Code   RO         4520    i.usmart_strcopy    usmart_str.o
    0x08013088   0x08013088   0x00000018   Code   RO         4521    i.usmart_strlen     usmart_str.o
    0x080130a0   0x080130a0   0x000006f4   Code   RO         4373    i.usmart_sys_cmd_exe  usmart.o
    0x08013794   0x08013794   0x00000044   Code   RO         4437    i.usmart_timx_get_time  usmart_port.o
    0x080137d8   0x080137d8   0x00000064   Code   RO         4438    i.usmart_timx_init  usmart_port.o
    0x0801383c   0x0801383c   0x00000034   Code   RO         4439    i.usmart_timx_reset_time  usmart_port.o
    0x08013870   0x08013870   0x00000004   Code   RO         4374    i.write_addr        usmart.o
    0x08013874   0x08013874   0x0000005a   Code   RO         7248    x$fpl$dfixu         fz_wm.l(dfixu.o)
    0x080138ce   0x080138ce   0x00000026   Code   RO         7252    x$fpl$dfltu         fz_wm.l(dflt_clz.o)
    0x080138f4   0x080138f4   0x00000154   Code   RO         7258    x$fpl$dmul          fz_wm.l(dmul.o)
    0x08013a48   0x08013a48   0x0000009c   Code   RO         7338    x$fpl$dnaninf       fz_wm.l(dnaninf.o)
    0x08013ae4   0x08013ae4   0x0000000c   Code   RO         7340    x$fpl$dretinf       fz_wm.l(dretinf.o)
    0x08013af0   0x08013af0   0x0000000a   Code   RO         7375    x$fpl$fpinit        fz_wm.l(fpinit.o)
    0x08013afa   0x08013afa   0x00000000   Code   RO         7342    x$fpl$usenofp       fz_wm.l(usenofp.o)
    0x08013afa   0x08013afa   0x00000018   Data   RO          365    .constdata          system_stm32f4xx.o
    0x08013b12   0x08013b12   0x00000002   PAD
    0x08013b14   0x08013b14   0x00000018   Data   RO         4607    .constdata          malloc.o
    0x08013b2c   0x08013b2c   0x00000090   Data   RO         5170    .constdata          memp.o
    0x08013bbc   0x08013bbc   0x00000050   Data   RO         5725    .constdata          tcp.o
    0x08013c0c   0x08013c0c   0x0000002c   Data   RO         6222    .constdata          timeouts.o
    0x08013c38   0x08013c38   0x00000008   Data   RO         6810    .constdata          ip4_addr.o
    0x08013c40   0x08013c40   0x0000000c   Data   RO         6930    .constdata          ethernet_1.o
    0x08013c4c   0x08013c4c   0x00000028   Data   RO         7180    .constdata          c_w.l(_printf_hex_int.o)
    0x08013c74   0x08013c74   0x00000011   Data   RO         7215    .constdata          c_w.l(__printf_flags_ss_wp.o)
    0x08013c85   0x08013c85   0x00000003   PAD
    0x08013c88   0x08013c88   0x00000028   Data   RO         4375    .conststring        usmart.o
    0x08013cb0   0x08013cb0   0x000000e0   Data   RO         4486    .conststring        usmart_config.o
    0x08013d90   0x08013d90   0x00000041   Data   RO         4914    .conststring        init.o
    0x08013dd1   0x08013dd1   0x00000003   PAD
    0x08013dd4   0x08013dd4   0x00000075   Data   RO         5726    .conststring        tcp.o
    0x08013e49   0x08013e49   0x00000003   PAD
    0x08013e4c   0x08013e4c   0x00000055   Data   RO         6088    .conststring        tcp_out.o
    0x08013ea1   0x08013ea1   0x00000003   PAD
    0x08013ea4   0x08013ea4   0x00000042   Data   RO         6450    .conststring        dhcp.o
    0x08013ee6   0x08013ee6   0x00000002   PAD
    0x08013ee8   0x08013ee8   0x00000041   Data   RO         6642    .conststring        etharp.o
    0x08013f29   0x08013f29   0x00000003   PAD
    0x08013f2c   0x08013f2c   0x00000020   Data   RO         7463    Region$$Table       anon$$obj.o


    Execution Region RW_IRAM1 (Exec base: 0x20000000, Load base: 0x08013f4c, Size: 0x0001f838, Max: 0x00020000, ABSOLUTE, COMPRESSED[0x00000088])

    Exec Addr    Load Addr    Size         Type   Attr      Idx    E Section Name        Object

    0x20000000   COMPRESSED   0x00000004   Data   RW          366    .data               system_stm32f4xx.o
    0x20000004   COMPRESSED   0x00000004   Data   RW          404    .data               delay.o
    0x20000008   COMPRESSED   0x00000007   Data   RW          526    .data               usart.o
    0x2000000f   COMPRESSED   0x00000001   PAD
    0x20000010   COMPRESSED   0x00000009   Data   RW          621    .data               stm32f4xx_hal.o
    0x20000019   COMPRESSED   0x00000003   PAD
    0x2000001c   COMPRESSED   0x00000010   Data   RW         4295    .data               ethernet.o
    0x2000002c   COMPRESSED   0x0000001c   Data   RW         4376    .data               usmart.o
    0x20000048   COMPRESSED   0x00000124   Data   RW         4487    .data               usmart_config.o
    0x2000016c   COMPRESSED   0x0000001c   Data   RW         4608    .data               malloc.o
    0x20000188   COMPRESSED   0x0000000c   Data   RW         5098    .data               mem.o
    0x20000194   COMPRESSED   0x00000024   Data   RW         5171    .data               memp.o
    0x200001b8   COMPRESSED   0x00000009   Data   RW         5283    .data               netif.o
    0x200001c1   COMPRESSED   0x00000003   PAD
    0x200001c4   COMPRESSED   0x00000020   Data   RW         5727    .data               tcp.o
    0x200001e4   COMPRESSED   0x00000028   Data   RW         6003    .data               tcp_in.o
    0x2000020c   COMPRESSED   0x0000000c   Data   RW         6223    .data               timeouts.o
    0x20000218   COMPRESSED   0x00000008   Data   RW         6305    .data               udp.o
    0x20000220   COMPRESSED   0x00000018   Data   RW         6451    .data               dhcp.o
    0x20000238   COMPRESSED   0x00000001   Data   RW         6643    .data               etharp.o
    0x20000239   COMPRESSED   0x00000001   PAD
    0x2000023a   COMPRESSED   0x00000002   Data   RW         6766    .data               ip4.o
    0x2000023c   COMPRESSED   0x00000006   Data   RW         6870    .data               ip4_frag.o
    0x20000242   COMPRESSED   0x00000002   PAD
    0x20000244   COMPRESSED   0x00000008   Data   RW         7031    .data               lwip_comm.o
    0x2000024c        -       0x0000010c   Zero   RW          525    .bss                usart.o
    0x20000358        -       0x0000005e   Zero   RW         4040    .bss                lcd.o
    0x200003b6   COMPRESSED   0x00000002   PAD
    0x200003b8        -       0x00000048   Zero   RW         4294    .bss                ethernet.o
    0x20000400        -       0x00000048   Zero   RW         4440    .bss                usmart_port.o
    0x20000448   COMPRESSED   0x00000038   PAD
    0x20000480        -       0x0001a900   Zero   RW         4606    .bss                malloc.o
    0x2001ad80        -       0x00000018   Zero   RW         5047    .bss                ip.o
    0x2001ad98        -       0x00002813   Zero   RW         5097    .bss                mem.o
    0x2001d5ab        -       0x00001b9f   Zero   RW         5169    .bss                memp.o
    0x2001f14a   COMPRESSED   0x00000002   PAD
    0x2001f14c        -       0x00000010   Zero   RW         6002    .bss                tcp_in.o
    0x2001f15c        -       0x00000020   Zero   RW         6449    .bss                dhcp.o
    0x2001f17c        -       0x000000f0   Zero   RW         6641    .bss                etharp.o
    0x2001f26c        -       0x00000084   Zero   RW         7030    .bss                lwip_comm.o
    0x2001f2f0        -       0x000000e4   Zero   RW         7227    .bss                c_w.l(rand.o)
    0x2001f3d4        -       0x00000060   Zero   RW         7344    .bss                c_w.l(libspace.o)
    0x2001f434   COMPRESSED   0x00000004   PAD
    0x2001f438        -       0x00000000   Zero   RW            2    HEAP                startup_stm32f407xx.o
    0x2001f438        -       0x00000400   Zero   RW            1    STACK               startup_stm32f407xx.o



  Load Region LR$$.ARM.__AT_0x10000000 (Base: 0x10000000, Size: 0x00000000, Max: 0x0000f000, ABSOLUTE)

    Execution Region ER$$.ARM.__AT_0x10000000 (Exec base: 0x10000000, Load base: 0x10000000, Size: 0x0000f000, Max: 0x0000f000, ABSOLUTE, UNINIT)

    Exec Addr    Load Addr    Size         Type   Attr      Idx    E Section Name        Object

    0x10000000        -       0x0000f000   Zero   RW         4604    .ARM.__AT_0x10000000  malloc.o



  Load Region LR$$.ARM.__AT_0x1000F000 (Base: 0x1000f000, Size: 0x00000000, Max: 0x00000f00, ABSOLUTE)

    Execution Region ER$$.ARM.__AT_0x1000F000 (Exec base: 0x1000f000, Load base: 0x1000f000, Size: 0x00000f00, Max: 0x00000f00, ABSOLUTE, UNINIT)

    Exec Addr    Load Addr    Size         Type   Attr      Idx    E Section Name        Object

    0x1000f000        -       0x00000f00   Zero   RW         4605    .ARM.__AT_0x1000F000  malloc.o


==============================================================================

Image component sizes


      Code (inc. data)   RO Data    RW Data    ZI Data      Debug   Object Name

         0          0          0          0          0       2224   api_lib.o
        38          0          0          0          0       1146   def.o
       154          8          0          4          0       2735   delay.o
      5906       1196         66         24         32      29753   dhcp.o
      3678       1040         65          1        240      12343   etharp.o
       964         56          0         16         72       4698   ethernet.o
       444        142         12          0          0       2766   ethernet_1.o
       854        148          0          0          0       5375   ethernetif.o
       956        324          0          0          0       4834   icmp.o
       180          0          0          0          0      15134   inet_chksum.o
       148         84         65          0          0      20155   init.o
         0          0          0          0         24       9909   ip.o
      1114        176          0          2          0       5924   ip4.o
        78          0          8          0          0       8882   ip4_addr.o
      3430       1084          0          6          0      12630   ip4_frag.o
       192          8          0          0          0       1075   key.o
     11628        124          0          0         94      21499   lcd.o
       148         10          0          0          0        979   led.o
      1526        466          0          8        132      23556   lwip_comm.o
       112          8          0          0          0     737875   main.o
       484         54         24         28     174080       6713   malloc.o
      2348        938          0         12      10259       8353   mem.o
       488        244        144         36       7071      11777   memp.o
      1230        396          0          9          0      15802   netif.o
      3366       1348          0          0          0      16365   pbuf.o
        76         28        392          0       1024       1000   startup_stm32f407xx.o
       174         34          0          9          0      10038   stm32f4xx_hal.o
       344         22          0          0          0      35297   stm32f4xx_hal_cortex.o
       210          0          0          0          0       2039   stm32f4xx_hal_dma.o
      2664         52          0          0          0      13711   stm32f4xx_hal_eth.o
       528         46          0          0          0       2188   stm32f4xx_hal_gpio.o
      1820         84          0          0          0       5816   stm32f4xx_hal_rcc.o
        88          0          0          0          0       1264   stm32f4xx_hal_sram.o
       488         76          0          0          0       3392   stm32f4xx_hal_tim.o
      1816         16          0          0          0      10856   stm32f4xx_hal_uart.o
        32          0          0          0          0       4394   stm32f4xx_it.o
       232         10          0          0          0       2839   stm32f4xx_ll_fsmc.o
       204         12          0          0          0       1395   sys.o
        20          6         24          4          0       1423   system_stm32f4xx.o
      6402       2444        197         32          0      38447   tcp.o
      7660       1938          0         40         16      21383   tcp_in.o
      7046       2900         85          0          0      29478   tcp_out.o
       828        358         44         12          0       6914   timeouts.o
      1994        496          0          8          0      12353   udp.o
       504         60          0          7        268       5841   usart.o
      2898       1308         40         28          0       6182   usmart.o
         0          0        224        292          0       1596   usmart_config.o
       328         50          0          0         72       3634   usmart_port.o
      1400         20          0          0          0       9657   usmart_str.o

    ----------------------------------------------------------------------
     77290      17814       1438        588     193444    1213639   Object Totals
         0          0         32          0          0          0   (incl. Generated)
        68          0         16         10         60          0   (incl. Padding)

    ----------------------------------------------------------------------

      Code (inc. data)   RO Data    RW Data    ZI Data      Debug   Library Member Name

        90          0          0          0          0          0   __dczerorl2.o
         8          0          0          0          0         68   __main.o
       392          4         17          0          0         92   __printf_flags_ss_wp.o
        14          0          0          0          0         68   __printf_wp.o
         0          0          0          0          0          0   __rtentry.o
        12          0          0          0          0          0   __rtentry2.o
         6          0          0          0          0          0   __rtentry4.o
        52          8          0          0          0          0   __scatter.o
        28          0          0          0          0          0   __scatter_zi.o
         6          0          0          0          0          0   _printf_c.o
        44          0          0          0          0        108   _printf_char.o
        48          6          0          0          0         96   _printf_char_common.o
        36          4          0          0          0         80   _printf_char_file.o
         6          0          0          0          0          0   _printf_d.o
       120         16          0          0          0         92   _printf_dec.o
        88          4         40          0          0         88   _printf_hex_int.o
       178          0          0          0          0         88   _printf_intcommon.o
        78          0          0          0          0        108   _printf_pad.o
         0          0          0          0          0          0   _printf_percent.o
         4          0          0          0          0          0   _printf_percent_end.o
         6          0          0          0          0          0   _printf_s.o
        82          0          0          0          0         80   _printf_str.o
         6          0          0          0          0          0   _printf_u.o
         6          0          0          0          0          0   _printf_x.o
        18          0          0          0          0         80   exit.o
         8          0          0          0          0         68   ferror.o
         6          0          0          0          0        152   heapauxi.o
         2          0          0          0          0          0   libinit.o
        10          0          0          0          0          0   libinit2.o
         2          0          0          0          0          0   libshutdown.o
         2          0          0          0          0          0   libshutdown2.o
         8          4          0          0         96         68   libspace.o
       238          0          0          0          0        100   lludivv7m.o
        88          0          0          0          0         76   memcmp.o
        24          4          0          0          0         84   noretval__2printf.o
       112         18          0          0        228        160   rand.o
        68          0          0          0          0         68   rt_memclr.o
        78          0          0          0          0         80   rt_memclr_w.o
       138          0          0          0          0         68   rt_memcpy_v6.o
       100          0          0          0          0         80   rt_memcpy_w.o
         2          0          0          0          0          0   rtexit.o
        10          0          0          0          0          0   rtexit2.o
        74          0          0          0          0         80   sys_stackheap_outer.o
         2          0          0          0          0         68   use_no_semi.o
         2          0          0          0          0         68   use_no_semi_2.o
        90          4          0          0          0        140   dfixu.o
        38          0          0          0          0        116   dflt_clz.o
       340         12          0          0          0        152   dmul.o
       156          4          0          0          0        140   dnaninf.o
        12          0          0          0          0        116   dretinf.o
        10          0          0          0          0        116   fpinit.o
         0          0          0          0          0          0   usenofp.o

    ----------------------------------------------------------------------
      2952         88         60          0        328       3048   Library Totals
         4          0          3          0          4          0   (incl. Padding)

    ----------------------------------------------------------------------

      Code (inc. data)   RO Data    RW Data    ZI Data      Debug   Library Name

      2302         68         57          0        324       2268   c_w.l
       646         20          0          0          0        780   fz_wm.l

    ----------------------------------------------------------------------
      2952         88         60          0        328       3048   Library Totals

    ----------------------------------------------------------------------

==============================================================================


      Code (inc. data)   RO Data    RW Data    ZI Data      Debug   

     80242      17902       1498        588     193772    1181191   Grand Totals
     80242      17902       1498        136     193772    1181191   ELF Image Totals (compressed)
     80242      17902       1498        136          0          0   ROM Totals

==============================================================================

    Total RO  Size (Code + RO Data)                81740 (  79.82kB)
    Total RW  Size (RW Data + ZI Data)            194360 ( 189.80kB)
    Total ROM Size (Code + RO Data + RW Data)      81876 (  79.96kB)

==============================================================================

